Component: ARM Compiler 5.06 update 5 (build 528) Tool: armlink [4d35e2]

==============================================================================

Section Cross References

    main.o(i.Analize) refers to lockproc.o(i.DoorCmd) for DoorCmd
    main.o(i.Analize) refers to aeabi_sdiv.o(.text) for __aeabi_idivmod
    main.o(i.Analize) refers to dflti.o(.text) for __aeabi_i2d
    main.o(i.Analize) refers to dlef.o(x$fpl$dleqf) for __aeabi_cdcmple
    main.o(i.Analize) refers to mygpio.o(i.GGetPin) for GGetPin
    main.o(i.Analize) refers to main.o(i.CheckPass) for CheckPass
    main.o(i.Analize) refers to main.o(i.SetPass) for SetPass
    main.o(i.CheckPass) refers to lockproc.o(i.DoorCmd) for DoorCmd
    main.o(i.CheckPass) refers to mysettings.o(.bss) for DSt
    main.o(i.ConfigHW) refers to mygpio.o(i.GSetPinToOutput) for GSetPinToOutput
    main.o(i.ConfigHW) refers to mygpio.o(i.GSetPinToInput) for GSetPinToInput
    main.o(i.ConfigHW) refers to ssec.o(i.InitSSEC) for InitSSEC
    main.o(i.SetPass) refers to ssec.o(i.getssec) for getssec
    main.o(i.SetPass) refers to mysettings.o(.bss) for DSt
    main.o(i.SetPass) refers to mysettings.o(.data) for hssavetime
    main.o(i.main) refers to main.o(i.SysInit) for SysInit
    main.o(i.main) refers to myiwdg.o(i.InitIWDG) for InitIWDG
    main.o(i.main) refers to main.o(i.ConfigHW) for ConfigHW
    main.o(i.main) refers to mysettings.o(i.ReinitFromHardDSt) for ReinitFromHardDSt
    main.o(i.main) refers to mysettings.o(i.CheckSaveHardDSt) for CheckSaveHardDSt
    main.o(i.main) refers to buttonpush.o(i.buttonpush) for buttonpush
    main.o(i.main) refers to main.o(i.Analize) for Analize
    main.o(i.main) refers to playsound.o(i.beep) for beep
    main.o(i.main) refers to lockproc.o(i.opendoor) for opendoor
    main.o(i.main) refers to manualkey.o(i.manualkey) for manualkey
    main.o(i.main) refers to mysettings.o(.data) for hssavetime
    main.o(i.main) refers to buttonpush.o(.data) for pnum1
    main.o(i.main) refers to main.o(.bss) for .bss
    mysettings.o(i.CheckSaveHardDSt) refers to ssec.o(i.tdlt) for tdlt
    mysettings.o(i.CheckSaveHardDSt) refers to mysettings.o(i.SaveCopy) for SaveCopy
    mysettings.o(i.CheckSaveHardDSt) refers to mysettings.o(.data) for .data
    mysettings.o(i.CheckSaveHardDSt) refers to mysettings.o(.ARM.__AT_0x0000FB00) for .ARM.__AT_0x0000FB00
    mysettings.o(i.CheckSaveHardDSt) refers to mysettings.o(.ARM.__AT_0x0000F800) for .ARM.__AT_0x0000F800
    mysettings.o(i.CheckSaveHardDSt) refers to mysettings.o(.ARM.__AT_0x0000FF00) for .ARM.__AT_0x0000FF00
    mysettings.o(i.CheckSaveHardDSt) refers to mysettings.o(.ARM.__AT_0x0000FC00) for .ARM.__AT_0x0000FC00
    mysettings.o(i.ReinitFromHardDSt) refers to modbus.o(i.CalcCRC) for CalcCRC
    mysettings.o(i.ReinitFromHardDSt) refers to ssec.o(i.zgetssec) for zgetssec
    mysettings.o(i.ReinitFromHardDSt) refers to mysettings.o(.ARM.__AT_0x0000F800) for .ARM.__AT_0x0000F800
    mysettings.o(i.ReinitFromHardDSt) refers to mysettings.o(.ARM.__AT_0x0000FC00) for .ARM.__AT_0x0000FC00
    mysettings.o(i.ReinitFromHardDSt) refers to mysettings.o(.ARM.__AT_0x0000FB00) for .ARM.__AT_0x0000FB00
    mysettings.o(i.ReinitFromHardDSt) refers to mysettings.o(.ARM.__AT_0x0000FF00) for .ARM.__AT_0x0000FF00
    mysettings.o(i.ReinitFromHardDSt) refers to mysettings.o(.data) for .data
    mysettings.o(i.ReinitFromHardDSt) refers to mysettings.o(.bss) for .bss
    mysettings.o(i.ReinitFromHardDSt) refers to mysettings.o(.constdata) for .constdata
    mysettings.o(i.SaveCopy) refers to modbus.o(i.CalcCRC) for CalcCRC
    mysettings.o(i.SaveCopy) refers to myflash.o(i.FLUnlock) for FLUnlock
    mysettings.o(i.SaveCopy) refers to myflash.o(i.FLWait) for FLWait
    mysettings.o(i.SaveCopy) refers to myflash.o(i.FLErasePage) for FLErasePage
    mysettings.o(i.SaveCopy) refers to myflash.o(i.FLProgramWord) for FLProgramWord
    mysettings.o(i.SaveCopy) refers to myflash.o(i.FLLock) for FLLock
    mysettings.o(i.SaveCopy) refers to mysettings.o(.bss) for .bss
    mysettings.o(i.SaveCopy) refers to mysettings.o(.data) for .data
    ssec.o(i.InitSSEC) refers to system_f051.o(i.SystemCoreClockUpdate) for SystemCoreClockUpdate
    ssec.o(i.InitSSEC) refers to aeabi_sdiv.o(.text) for __aeabi_uidivmod
    ssec.o(i.InitSSEC) refers to mytimer.o(i.InitTimer) for InitTimer
    ssec.o(i.InitSSEC) refers to mytimer.o(i.InitOC) for InitOC
    ssec.o(i.InitSSEC) refers to mytimer.o(i.StartTimer) for StartTimer
    ssec.o(i.InitSSEC) refers to system_f051.o(.data) for SystemCoreClock
    ssec.o(i.InitSSEC) refers to ssec.o(.data) for ssecpulse
    ssec.o(i.Sound) refers to ssec.o(.data) for sound
    ssec.o(i.TIM3_IRQHandler) refers to mygpio.o(i.GSetPin) for GSetPin
    ssec.o(i.TIM3_IRQHandler) refers to mygpio.o(i.GResetPin) for GResetPin
    ssec.o(i.TIM3_IRQHandler) refers to ssec.o(.data) for div2sec
    ssec.o(i.getssec) refers to ssec.o(.data) for ssec
    ssec.o(i.tdlt) refers to ssec.o(.data) for ssec
    ssec.o(i.zgetssec) refers to ssec.o(.data) for ssec
    system_f051.o(i.SystemCoreClockUpdate) refers to aeabi_sdiv.o(.text) for __aeabi_uidivmod
    system_f051.o(i.SystemCoreClockUpdate) refers to system_f051.o(.data) for .data
    system_f051.o(i.SystemCoreClockUpdate) refers to system_f051.o(.constdata) for .constdata
    startup_stm32f0xx.o(STACK) refers (Special) to heapauxi.o(.text) for __use_two_region_memory
    startup_stm32f0xx.o(HEAP) refers (Special) to heapauxi.o(.text) for __use_two_region_memory
    startup_stm32f0xx.o(RESET) refers (Special) to heapauxi.o(.text) for __use_two_region_memory
    startup_stm32f0xx.o(RESET) refers to startup_stm32f0xx.o(STACK) for __initial_sp
    startup_stm32f0xx.o(RESET) refers to startup_stm32f0xx.o(.text) for Reset_Handler
    startup_stm32f0xx.o(RESET) refers to ssec.o(i.TIM3_IRQHandler) for TIM3_IRQHandler
    startup_stm32f0xx.o(RESET) refers to fpuart1_051.o(i.USART1_IRQHandler) for USART1_IRQHandler
    startup_stm32f0xx.o(.text) refers (Special) to heapauxi.o(.text) for __use_two_region_memory
    startup_stm32f0xx.o(.text) refers to system_f051.o(i.SystemInit) for SystemInit
    startup_stm32f0xx.o(.text) refers to __main.o(!!!main) for __main
    startup_stm32f0xx.o(.text) refers to startup_stm32f0xx.o(HEAP) for Heap_Mem
    startup_stm32f0xx.o(.text) refers to startup_stm32f0xx.o(STACK) for Stack_Mem
    buttonpush.o(i.buttonpush) refers to mygpio.o(i.GGetPin) for GGetPin
    buttonpush.o(i.buttonpush) refers to ssec.o(i.tdlt) for tdlt
    buttonpush.o(i.buttonpush) refers to ssec.o(i.getssec) for getssec
    buttonpush.o(i.buttonpush) refers to main.o(.bss) for push
    buttonpush.o(i.buttonpush) refers to buttonpush.o(.data) for .data
    playsound.o(i.StartSound) refers to ssec.o(i.getssec) for getssec
    playsound.o(i.StartSound) refers to ssec.o(i.Sound) for Sound
    playsound.o(i.StartSound) refers to playsound.o(.data) for .data
    playsound.o(i.beep) refers to ssec.o(i.tdlt) for tdlt
    playsound.o(i.beep) refers to ssec.o(i.getssec) for getssec
    playsound.o(i.beep) refers to ssec.o(i.Sound) for Sound
    playsound.o(i.beep) refers to playsound.o(.data) for .data
    playsound.o(i.beep) refers to main.o(.bss) for push
    playsound.o(i.beep) refers to buttonpush.o(.data) for pnum1
    lockproc.o(i.DoorCmd) refers to lockproc.o(.data) for .data
    lockproc.o(i.opendoor) refers to mygpio.o(i.GResetPin) for GResetPin
    lockproc.o(i.opendoor) refers to mygpio.o(i.GSetPin) for GSetPin
    lockproc.o(i.opendoor) refers to ssec.o(i.getssec) for getssec
    lockproc.o(i.opendoor) refers to ssec.o(i.tdlt) for tdlt
    lockproc.o(i.opendoor) refers to lockproc.o(.data) for .data
    manualkey.o(i.manualkey) refers to mygpio.o(i.GGetPin) for GGetPin
    manualkey.o(i.manualkey) refers to ssec.o(i.tdlt) for tdlt
    manualkey.o(i.manualkey) refers to lockproc.o(i.DoorCmd) for DoorCmd
    manualkey.o(i.manualkey) refers to ssec.o(i.getssec) for getssec
    manualkey.o(i.manualkey) refers to manualkey.o(.data) for .data
    myexti.o(i.EXTIEnableInterrupt) refers to myexti.o(i.EXTIClearPending) for EXTIClearPending
    myflash.o(i.FLErasePage) refers to myflash.o(i.FLWait) for FLWait
    myflash.o(i.FLErase_OB) refers to myflash.o(i.FLWait) for FLWait
    myflash.o(i.FLOB_Config) refers to myflash.o(i.FLWait) for FLWait
    myflash.o(i.FLProgramWord) refers to myflash.o(i.FLWait) for FLWait
    myuart.o(i.InitUSART) refers to aeabi_sdiv.o(.text) for __aeabi_uidivmod
    fpuart1_051.o(i.FPU1H_TimerInterrupt) refers to mydma.o(i.ResetDMAIF) for ResetDMAIF
    fpuart1_051.o(i.FPU1H_TimerInterrupt) refers to mydma.o(i.InitDMACh) for InitDMACh
    fpuart1_051.o(i.FPU1H_TimerInterrupt) refers to myuart.o(i.USART_EnableIRQ) for USART_EnableIRQ
    fpuart1_051.o(i.FPU1H_TimerInterrupt) refers to mygpio.o(i.GResetPin) for GResetPin
    fpuart1_051.o(i.FPU1H_TimerInterrupt) refers to fpuart1_051.o(.data) for .data
    fpuart1_051.o(i.FPU1H_settoc) refers to fpuart1_051.o(.data) for .data
    fpuart1_051.o(i.InitFPU1) refers to mygpio.o(i.GSetPinToAF) for GSetPinToAF
    fpuart1_051.o(i.InitFPU1) refers to mygpio.o(i.GSetPinToOutput) for GSetPinToOutput
    fpuart1_051.o(i.InitFPU1) refers to myuart.o(i.InitUSART) for InitUSART
    fpuart1_051.o(i.InitFPU1) refers to aeabi_sdiv.o(.text) for __aeabi_uidivmod
    fpuart1_051.o(i.InitFPU1) refers to mydma.o(i.InitDMACh) for InitDMACh
    fpuart1_051.o(i.InitFPU1) refers to fpuart1_051.o(.data) for .data
    fpuart1_051.o(i.InitFPU1) refers to fpuart1_051.o(.bss) for .bss
    fpuart1_051.o(i.USART1_IRQHandler) refers to myuart.o(i.USART_DisableIRQ) for USART_DisableIRQ
    fpuart1_051.o(i.USART1_IRQHandler) refers to fpuart1_051.o(i.FPU1H_settoc) for FPU1H_settoc
    fpuart1_051.o(i.USART1_IRQHandler) refers to fpuart1_051.o(.data) for .data
    fpuart1_051.o(i.get1ByteTimeFPU1) refers to fpuart1_051.o(.data) for .data
    fpuart1_051.o(i.getbyteFPU1) refers to mydma.o(i.GetCNDTR) for GetCNDTR
    fpuart1_051.o(i.getbyteFPU1) refers to fpuart1_051.o(.data) for .data
    fpuart1_051.o(i.getbyteFPU1) refers to fpuart1_051.o(.bss) for .bss
    fpuart1_051.o(i.geterrFPU1) refers to fpuart1_051.o(.data) for .data
    fpuart1_051.o(i.getsendstateFPU1) refers to fpuart1_051.o(.data) for .data
    fpuart1_051.o(i.gettoFPU1) refers to fpuart1_051.o(.data) for .data
    fpuart1_051.o(i.numbyteFPU1) refers to mydma.o(i.GetCNDTR) for GetCNDTR
    fpuart1_051.o(i.numbyteFPU1) refers to fpuart1_051.o(.data) for .data
    fpuart1_051.o(i.sendpkgFPU1) refers to strlen.o(.text) for strlen
    fpuart1_051.o(i.sendpkgFPU1) refers to mygpio.o(i.GSetPin) for GSetPin
    fpuart1_051.o(i.sendpkgFPU1) refers to fpuart1_051.o(i.FPU1H_settoc) for FPU1H_settoc
    fpuart1_051.o(i.sendpkgFPU1) refers to fpuart1_051.o(.data) for .data
    modbus.o(i.AddToTrPkg) refers to modbus.o(.bss) for .bss
    modbus.o(i.AddToTrPkg) refers to modbus.o(.data) for .data
    modbus.o(i.GetHoldingRegisters) refers to modbus.o(i.MBFindParam) for MBFindParam
    modbus.o(i.GetInputRegisters) refers to modbus.o(i.GetHoldingRegisters) for GetHoldingRegisters
    modbus.o(i.InitModBus) refers to modbus.o(i.__ARM_common_switch8) for __ARM_common_switch8
    modbus.o(i.InitModBus) refers to fpuart1_051.o(i.InitFPU1) for InitFPU1
    modbus.o(i.InitModBus) refers to modbus.o(i.MB_ResetCnt) for MB_ResetCnt
    modbus.o(i.InitModBus) refers to modbus.o(.data) for .data
    modbus.o(i.MBFindParam) refers to modbusparams.o(.data) for mbs
    modbus.o(i.MB_Parse) refers to modbus.o(i.CalcCRC) for CalcCRC
    modbus.o(i.MB_Parse) refers to modbus.o(i.GetSWB) for GetSWB
    modbus.o(i.MB_Parse) refers to modbus.o(i.GetInputRegisters) for GetInputRegisters
    modbus.o(i.MB_Parse) refers to modbus.o(i.AddToTrPkg) for AddToTrPkg
    modbus.o(i.MB_Parse) refers to modbus.o(i.GetHoldingRegisters) for GetHoldingRegisters
    modbus.o(i.MB_Parse) refers to modbus.o(i.SetHoldingRegisters) for SetHoldingRegisters
    modbus.o(i.MB_Parse) refers to modbus.o(i.MB_ResetCnt) for MB_ResetCnt
    modbus.o(i.MB_Parse) refers to modbus.o(i.__ARM_common_switch8) for __ARM_common_switch8
    modbus.o(i.MB_Parse) refers to modbus.o(.data) for .data
    modbus.o(i.MB_Parse) refers to modbus.o(.bss) for .bss
    modbus.o(i.MB_Parse) refers to modbus.o(.constdata) for .constdata
    modbus.o(i.MB_ResetCnt) refers to modbus.o(.data) for .data
    modbus.o(i.ModBusProc) refers to fpuart1_051.o(i.getbyteFPU1) for getbyteFPU1
    modbus.o(i.ModBusProc) refers to fpuart1_051.o(i.numbyteFPU1) for numbyteFPU1
    modbus.o(i.ModBusProc) refers to fpuart1_051.o(i.geterrFPU1) for geterrFPU1
    modbus.o(i.ModBusProc) refers to modbus.o(i.MB_Parse) for MB_Parse
    modbus.o(i.ModBusProc) refers to fpuart1_051.o(i.sendpkgFPU1) for sendpkgFPU1
    modbus.o(i.ModBusProc) refers to modbus.o(.data) for .data
    modbus.o(i.ModBusProc) refers to modbus.o(.bss) for .bss
    modbus.o(i.SetHoldingRegisters) refers to modbus.o(i.MBFindParam) for MBFindParam
    modbus.o(i.SetHoldingRegisters) refers to modbusparams.o(i.MBCanWrite) for MBCanWrite
    modbus.o(i.SetHoldingRegisters) refers to modbus.o(.data) for .data
    modbusparams.o(.data) refers to modbusparams.o(.bss) for info
    modbusparams.o(.data) refers to mysettings.o(.bss) for DSt
    __main.o(!!!main) refers to __rtentry.o(.ARM.Collect$$rtentry$$00000000) for __rt_entry
    dflti.o(.text) refers (Special) to usenofp.o(x$fpl$usenofp) for __I$use$fp
    dlef.o(x$fpl$dleqf) refers (Special) to usenofp.o(x$fpl$usenofp) for __I$use$fp
    dlef.o(x$fpl$dleqf) refers to dcmpin.o(.text) for __fpl_dcmp_InfNaN
    __rtentry.o(.ARM.Collect$$rtentry$$00000000) refers (Special) to __rtentry2.o(.ARM.Collect$$rtentry$$0000000A) for __rt_entry_li
    __rtentry.o(.ARM.Collect$$rtentry$$00000000) refers (Special) to __rtentry2.o(.ARM.Collect$$rtentry$$0000000D) for __rt_entry_main
    __rtentry.o(.ARM.Collect$$rtentry$$00000000) refers (Special) to __rtentry2.o(.ARM.Collect$$rtentry$$0000000C) for __rt_entry_postli_1
    __rtentry.o(.ARM.Collect$$rtentry$$00000000) refers (Special) to __rtentry2.o(.ARM.Collect$$rtentry$$00000009) for __rt_entry_postsh_1
    __rtentry.o(.ARM.Collect$$rtentry$$00000000) refers (Special) to __rtentry2.o(.ARM.Collect$$rtentry$$00000002) for __rt_entry_presh_1
    __rtentry.o(.ARM.Collect$$rtentry$$00000000) refers (Special) to __rtentry4.o(.ARM.Collect$$rtentry$$00000004) for __rt_entry_sh
    aeabi_idiv0_sigfpe.o(.text) refers to rt_div0.o(.text) for __rt_div0
    dcmpin.o(.text) refers (Special) to usenofp.o(x$fpl$usenofp) for __I$use$fp
    dcmpin.o(.text) refers to cmpret.o(.text) for __fpl_cmpreturn
    dcmpin.o(.text) refers to dnan2.o(.text) for __fpl_dcheck_NaN2
    __rtentry2.o(.ARM.Collect$$rtentry$$00000008) refers to boardinit2.o(.text) for _platform_post_stackheap_init
    __rtentry2.o(.ARM.Collect$$rtentry$$0000000A) refers to libinit.o(.ARM.Collect$$libinit$$00000000) for __rt_lib_init
    __rtentry2.o(.ARM.Collect$$rtentry$$0000000B) refers to boardinit3.o(.text) for _platform_post_lib_init
    __rtentry2.o(.ARM.Collect$$rtentry$$0000000D) refers to main.o(i.main) for main
    __rtentry2.o(.ARM.Collect$$rtentry$$0000000D) refers to exit.o(.text) for exit
    __rtentry2.o(.ARM.exidx) refers to __rtentry2.o(.ARM.Collect$$rtentry$$00000001) for .ARM.Collect$$rtentry$$00000001
    __rtentry2.o(.ARM.exidx) refers to __rtentry2.o(.ARM.Collect$$rtentry$$00000008) for .ARM.Collect$$rtentry$$00000008
    __rtentry2.o(.ARM.exidx) refers to __rtentry2.o(.ARM.Collect$$rtentry$$0000000A) for .ARM.Collect$$rtentry$$0000000A
    __rtentry2.o(.ARM.exidx) refers to __rtentry2.o(.ARM.Collect$$rtentry$$0000000B) for .ARM.Collect$$rtentry$$0000000B
    __rtentry2.o(.ARM.exidx) refers to __rtentry2.o(.ARM.Collect$$rtentry$$0000000D) for .ARM.Collect$$rtentry$$0000000D
    __rtentry4.o(.ARM.Collect$$rtentry$$00000004) refers to sys_stackheap_outer.o(.text) for __user_setup_stackheap
    __rtentry4.o(.ARM.exidx) refers to __rtentry4.o(.ARM.Collect$$rtentry$$00000004) for .ARM.Collect$$rtentry$$00000004
    rt_div0.o(.text) refers to defsig_fpe_outer.o(.text) for __rt_SIGFPE
    cmpret.o(.text) refers (Special) to usenofp.o(x$fpl$usenofp) for __I$use$fp
    dnan2.o(.text) refers (Special) to usenofp.o(x$fpl$usenofp) for __I$use$fp
    dnan2.o(.text) refers to retnan.o(.text) for __fpl_return_NaN
    sys_stackheap_outer.o(.text) refers to libspace.o(.text) for __user_perproc_libspace
    sys_stackheap_outer.o(.text) refers to startup_stm32f0xx.o(.text) for __user_initial_stackheap
    sys_stackheap_outer.o(__vectab_stack_and_reset_area) refers to tempstk.o(.text) for __temporary_stack_top
    sys_stackheap_outer.o(__vectab_stack_and_reset_area) refers to __main.o(!!!main) for __main
    exit.o(.text) refers to rtexit.o(.ARM.Collect$$rtexit$$00000000) for __rt_exit
    defsig_fpe_outer.o(.text) refers to defsig_fpe_inner.o(.text) for __rt_SIGFPE_inner
    defsig_fpe_outer.o(.text) refers to defsig_exit.o(.text) for __sig_exit
    defsig_fpe_formal.o(.text) refers to rt_raise.o(.text) for __rt_raise
    libinit.o(.ARM.Collect$$libinit$$00000000) refers (Special) to libinit2.o(.ARM.Collect$$libinit$$0000002E) for __rt_lib_init_alloca_1
    libinit.o(.ARM.Collect$$libinit$$00000000) refers (Special) to libinit2.o(.ARM.Collect$$libinit$$0000002C) for __rt_lib_init_argv_1
    libinit.o(.ARM.Collect$$libinit$$00000000) refers (Special) to libinit2.o(.ARM.Collect$$libinit$$0000001B) for __rt_lib_init_atexit_1
    libinit.o(.ARM.Collect$$libinit$$00000000) refers (Special) to libinit2.o(.ARM.Collect$$libinit$$00000021) for __rt_lib_init_clock_1
    libinit.o(.ARM.Collect$$libinit$$00000000) refers (Special) to libinit2.o(.ARM.Collect$$libinit$$00000032) for __rt_lib_init_cpp_1
    libinit.o(.ARM.Collect$$libinit$$00000000) refers (Special) to libinit2.o(.ARM.Collect$$libinit$$00000030) for __rt_lib_init_exceptions_1
    libinit.o(.ARM.Collect$$libinit$$00000000) refers (Special) to libinit2.o(.ARM.Collect$$libinit$$00000002) for __rt_lib_init_fp_1
    libinit.o(.ARM.Collect$$libinit$$00000000) refers (Special) to libinit2.o(.ARM.Collect$$libinit$$0000001F) for __rt_lib_init_fp_trap_1
    libinit.o(.ARM.Collect$$libinit$$00000000) refers (Special) to libinit2.o(.ARM.Collect$$libinit$$00000023) for __rt_lib_init_getenv_1
    libinit.o(.ARM.Collect$$libinit$$00000000) refers (Special) to libinit2.o(.ARM.Collect$$libinit$$0000000A) for __rt_lib_init_heap_1
    libinit.o(.ARM.Collect$$libinit$$00000000) refers (Special) to libinit2.o(.ARM.Collect$$libinit$$00000011) for __rt_lib_init_lc_collate_1
    libinit.o(.ARM.Collect$$libinit$$00000000) refers (Special) to libinit2.o(.ARM.Collect$$libinit$$00000013) for __rt_lib_init_lc_ctype_1
    libinit.o(.ARM.Collect$$libinit$$00000000) refers (Special) to libinit2.o(.ARM.Collect$$libinit$$00000015) for __rt_lib_init_lc_monetary_1
    libinit.o(.ARM.Collect$$libinit$$00000000) refers (Special) to libinit2.o(.ARM.Collect$$libinit$$00000017) for __rt_lib_init_lc_numeric_1
    libinit.o(.ARM.Collect$$libinit$$00000000) refers (Special) to libinit2.o(.ARM.Collect$$libinit$$00000019) for __rt_lib_init_lc_time_1
    libinit.o(.ARM.Collect$$libinit$$00000000) refers (Special) to libinit2.o(.ARM.Collect$$libinit$$00000004) for __rt_lib_init_preinit_1
    libinit.o(.ARM.Collect$$libinit$$00000000) refers (Special) to libinit2.o(.ARM.Collect$$libinit$$0000000E) for __rt_lib_init_rand_1
    libinit.o(.ARM.Collect$$libinit$$00000000) refers (Special) to libinit2.o(.ARM.Collect$$libinit$$00000033) for __rt_lib_init_return
    libinit.o(.ARM.Collect$$libinit$$00000000) refers (Special) to libinit2.o(.ARM.Collect$$libinit$$0000001D) for __rt_lib_init_signal_1
    libinit.o(.ARM.Collect$$libinit$$00000000) refers (Special) to libinit2.o(.ARM.Collect$$libinit$$00000025) for __rt_lib_init_stdio_1
    libinit.o(.ARM.Collect$$libinit$$00000000) refers (Special) to libinit2.o(.ARM.Collect$$libinit$$0000000C) for __rt_lib_init_user_alloc_1
    retnan.o(.text) refers (Special) to usenofp.o(x$fpl$usenofp) for __I$use$fp
    retnan.o(.text) refers to cmpret.o(.text) for __fpl_cmpreturn
    libspace.o(.text) refers to libspace.o(.bss) for __libspace_start
    rtexit.o(.ARM.Collect$$rtexit$$00000000) refers (Special) to rtexit2.o(.ARM.Collect$$rtexit$$00000004) for __rt_exit_exit
    rtexit.o(.ARM.Collect$$rtexit$$00000000) refers (Special) to rtexit2.o(.ARM.Collect$$rtexit$$00000003) for __rt_exit_ls
    rtexit.o(.ARM.Collect$$rtexit$$00000000) refers (Special) to rtexit2.o(.ARM.Collect$$rtexit$$00000002) for __rt_exit_prels_1
    rtexit.o(.ARM.exidx) refers (Special) to rtexit2.o(.ARM.Collect$$rtexit$$00000004) for __rt_exit_exit
    rtexit.o(.ARM.exidx) refers (Special) to rtexit2.o(.ARM.Collect$$rtexit$$00000003) for __rt_exit_ls
    rtexit.o(.ARM.exidx) refers (Special) to rtexit2.o(.ARM.Collect$$rtexit$$00000002) for __rt_exit_prels_1
    rtexit.o(.ARM.exidx) refers to rtexit.o(.ARM.Collect$$rtexit$$00000000) for .ARM.Collect$$rtexit$$00000000
    rt_raise.o(.text) refers to __raise.o(.text) for __raise
    rt_raise.o(.text) refers to sys_exit.o(.text) for _sys_exit
    defsig_exit.o(.text) refers to sys_exit.o(.text) for _sys_exit
    defsig_fpe_inner.o(.text) refers to defsig_general.o(.text) for __default_signal_display
    libinit2.o(.ARM.Collect$$libinit$$00000010) refers to libinit2.o(.ARM.Collect$$libinit$$0000000F) for .ARM.Collect$$libinit$$0000000F
    libinit2.o(.ARM.Collect$$libinit$$00000012) refers to libinit2.o(.ARM.Collect$$libinit$$0000000F) for .ARM.Collect$$libinit$$0000000F
    libinit2.o(.ARM.Collect$$libinit$$00000014) refers to libinit2.o(.ARM.Collect$$libinit$$0000000F) for .ARM.Collect$$libinit$$0000000F
    libinit2.o(.ARM.Collect$$libinit$$00000016) refers to libinit2.o(.ARM.Collect$$libinit$$0000000F) for .ARM.Collect$$libinit$$0000000F
    libinit2.o(.ARM.Collect$$libinit$$00000018) refers to libinit2.o(.ARM.Collect$$libinit$$0000000F) for .ARM.Collect$$libinit$$0000000F
    libinit2.o(.ARM.Collect$$libinit$$00000026) refers to argv_veneer.o(.text) for __ARM_argv_veneer
    libinit2.o(.ARM.Collect$$libinit$$00000027) refers to argv_veneer.o(.text) for __ARM_argv_veneer
    sys_exit.o(.text) refers (Special) to use_no_semi.o(.text) for __I$use$semihosting
    sys_exit.o(.text) refers (Special) to indicate_semi.o(.text) for __semihosting_library_function
    rtexit2.o(.ARM.Collect$$rtexit$$00000003) refers to libshutdown.o(.ARM.Collect$$libshutdown$$00000000) for __rt_lib_shutdown
    rtexit2.o(.ARM.Collect$$rtexit$$00000004) refers to sys_exit.o(.text) for _sys_exit
    rtexit2.o(.ARM.exidx) refers to rtexit2.o(.ARM.Collect$$rtexit$$00000001) for .ARM.Collect$$rtexit$$00000001
    rtexit2.o(.ARM.exidx) refers to rtexit2.o(.ARM.Collect$$rtexit$$00000003) for .ARM.Collect$$rtexit$$00000003
    rtexit2.o(.ARM.exidx) refers to rtexit2.o(.ARM.Collect$$rtexit$$00000004) for .ARM.Collect$$rtexit$$00000004
    __raise.o(.text) refers to defsig.o(CL$$defsig) for __default_signal_handler
    defsig_general.o(.text) refers to sys_wrch.o(.text) for _ttywrch
    sys_wrch.o(.text) refers (Special) to use_no_semi.o(.text) for __I$use$semihosting
    sys_wrch.o(.text) refers (Special) to indicate_semi.o(.text) for __semihosting_library_function
    defsig.o(CL$$defsig) refers to defsig_fpe_inner.o(.text) for __rt_SIGFPE_inner
    defsig.o(CL$$defsig) refers to defsig_rtmem_inner.o(.text) for __rt_SIGRTMEM_inner
    _get_argv_nomalloc.o(.text) refers (Special) to hrguard.o(.text) for __heap_region$guard
    _get_argv_nomalloc.o(.text) refers to defsig_rtmem_outer.o(.text) for __rt_SIGRTMEM
    _get_argv_nomalloc.o(.text) refers to sys_command.o(.text) for _sys_command_string
    libshutdown.o(.ARM.Collect$$libshutdown$$00000000) refers (Special) to libshutdown2.o(.ARM.Collect$$libshutdown$$00000002) for __rt_lib_shutdown_cpp_1
    libshutdown.o(.ARM.Collect$$libshutdown$$00000000) refers (Special) to libshutdown2.o(.ARM.Collect$$libshutdown$$00000007) for __rt_lib_shutdown_fp_trap_1
    libshutdown.o(.ARM.Collect$$libshutdown$$00000000) refers (Special) to libshutdown2.o(.ARM.Collect$$libshutdown$$0000000F) for __rt_lib_shutdown_heap_1
    libshutdown.o(.ARM.Collect$$libshutdown$$00000000) refers (Special) to libshutdown2.o(.ARM.Collect$$libshutdown$$00000010) for __rt_lib_shutdown_return
    libshutdown.o(.ARM.Collect$$libshutdown$$00000000) refers (Special) to libshutdown2.o(.ARM.Collect$$libshutdown$$0000000A) for __rt_lib_shutdown_signal_1
    libshutdown.o(.ARM.Collect$$libshutdown$$00000000) refers (Special) to libshutdown2.o(.ARM.Collect$$libshutdown$$00000004) for __rt_lib_shutdown_stdio_1
    libshutdown.o(.ARM.Collect$$libshutdown$$00000000) refers (Special) to libshutdown2.o(.ARM.Collect$$libshutdown$$0000000C) for __rt_lib_shutdown_user_alloc_1
    sys_command.o(.text) refers (Special) to use_no_semi.o(.text) for __I$use$semihosting
    sys_command.o(.text) refers (Special) to indicate_semi.o(.text) for __semihosting_library_function
    defsig_abrt_inner.o(.text) refers to defsig_general.o(.text) for __default_signal_display
    defsig_rtred_inner.o(.text) refers to defsig_general.o(.text) for __default_signal_display
    defsig_rtmem_inner.o(.text) refers to defsig_general.o(.text) for __default_signal_display
    defsig_rtmem_outer.o(.text) refers to defsig_rtmem_inner.o(.text) for __rt_SIGRTMEM_inner
    defsig_rtmem_outer.o(.text) refers to defsig_exit.o(.text) for __sig_exit
    defsig_rtmem_formal.o(.text) refers to rt_raise.o(.text) for __rt_raise
    defsig_stak_inner.o(.text) refers to defsig_general.o(.text) for __default_signal_display
    defsig_pvfn_inner.o(.text) refers to defsig_general.o(.text) for __default_signal_display
    defsig_cppl_inner.o(.text) refers to defsig_general.o(.text) for __default_signal_display
    defsig_segv_inner.o(.text) refers to defsig_general.o(.text) for __default_signal_display
    defsig_other.o(.text) refers to defsig_general.o(.text) for __default_signal_display


==============================================================================

Removing Unused input sections from the image.

    Removing main.o(.rev16_text), (4 bytes).
    Removing main.o(.revsh_text), (4 bytes).
    Removing main.o(.data), (4 bytes).
    Removing main.o(.data), (4 bytes).
    Removing mysettings.o(.rev16_text), (4 bytes).
    Removing mysettings.o(.revsh_text), (4 bytes).
    Removing ssec.o(.rev16_text), (4 bytes).
    Removing ssec.o(.revsh_text), (4 bytes).
    Removing system_f051.o(.rev16_text), (4 bytes).
    Removing system_f051.o(.revsh_text), (4 bytes).
    Removing buttonpush.o(.rev16_text), (4 bytes).
    Removing buttonpush.o(.revsh_text), (4 bytes).
    Removing playsound.o(.rev16_text), (4 bytes).
    Removing playsound.o(.revsh_text), (4 bytes).
    Removing playsound.o(i.StartSound), (32 bytes).
    Removing lockproc.o(.rev16_text), (4 bytes).
    Removing lockproc.o(.revsh_text), (4 bytes).
    Removing manualkey.o(.rev16_text), (4 bytes).
    Removing manualkey.o(.revsh_text), (4 bytes).
    Removing mydma.o(.rev16_text), (4 bytes).
    Removing mydma.o(.revsh_text), (4 bytes).
    Removing mydma.o(i.CheckDMAIF), (18 bytes).
    Removing mydma.o(i.GetCNDTR), (4 bytes).
    Removing mydma.o(i.InitDMACh), (18 bytes).
    Removing mydma.o(i.ResetDMAIF), (12 bytes).
    Removing mydma.o(i.StartDMA), (10 bytes).
    Removing mydma.o(i.StopDMA), (10 bytes).
    Removing myexti.o(.rev16_text), (4 bytes).
    Removing myexti.o(.revsh_text), (4 bytes).
    Removing myexti.o(i.EXTICheckPending), (20 bytes).
    Removing myexti.o(i.EXTIClearPending), (16 bytes).
    Removing myexti.o(i.EXTIDisable), (28 bytes).
    Removing myexti.o(i.EXTIEnableInterrupt), (68 bytes).
    Removing myexti.o(i.EXTIPortConnect), (100 bytes).
    Removing myflash.o(.rev16_text), (4 bytes).
    Removing myflash.o(.revsh_text), (4 bytes).
    Removing myflash.o(i.FLErase_OB), (60 bytes).
    Removing myflash.o(i.FLLock_OB), (16 bytes).
    Removing myflash.o(i.FLOB_Config), (92 bytes).
    Removing myflash.o(i.FLProgramOB), (20 bytes).
    Removing myflash.o(i.FLUnlock_OB), (32 bytes).
    Removing mygpio.o(.rev16_text), (4 bytes).
    Removing mygpio.o(.revsh_text), (4 bytes).
    Removing mygpio.o(i.GOutToPin), (18 bytes).
    Removing mygpio.o(i.GOutToPins), (12 bytes).
    Removing mygpio.o(i.GResetPins), (6 bytes).
    Removing mygpio.o(i.GSetPinToAF), (144 bytes).
    Removing mygpio.o(i.GSetPinToAnalog), (20 bytes).
    Removing mygpio.o(i.GSetPins), (4 bytes).
    Removing myiwdg.o(.rev16_text), (4 bytes).
    Removing myiwdg.o(.revsh_text), (4 bytes).
    Removing myiwdg.o(i.StartIWDG), (16 bytes).
    Removing mytimer.o(.rev16_text), (4 bytes).
    Removing mytimer.o(.revsh_text), (4 bytes).
    Removing mytimer.o(i.StopTimer), (10 bytes).
    Removing myuart.o(.rev16_text), (4 bytes).
    Removing myuart.o(.revsh_text), (4 bytes).
    Removing myuart.o(i.InitHardDE), (70 bytes).
    Removing myuart.o(i.InitUSART), (70 bytes).
    Removing myuart.o(i.USART_EnableIRQ), (14 bytes).
    Removing fpuart1_051.o(.rev16_text), (4 bytes).
    Removing fpuart1_051.o(.revsh_text), (4 bytes).
    Removing fpuart1_051.o(i.FPU1H_TimerInterrupt), (148 bytes).
    Removing fpuart1_051.o(i.InitFPU1), (172 bytes).
    Removing fpuart1_051.o(i.get1ByteTimeFPU1), (12 bytes).
    Removing fpuart1_051.o(i.getbyteFPU1), (56 bytes).
    Removing fpuart1_051.o(i.geterrFPU1), (24 bytes).
    Removing fpuart1_051.o(i.getsendstateFPU1), (12 bytes).
    Removing fpuart1_051.o(i.gettoFPU1), (12 bytes).
    Removing fpuart1_051.o(i.numbyteFPU1), (52 bytes).
    Removing fpuart1_051.o(i.sendpkgFPU1), (76 bytes).
    Removing fpuart1_051.o(.bss), (128 bytes).
    Removing modbus.o(.rev16_text), (4 bytes).
    Removing modbus.o(.revsh_text), (4 bytes).
    Removing modbus.o(i.AddToTrPkg), (32 bytes).
    Removing modbus.o(i.GetHoldingRegisters), (66 bytes).
    Removing modbus.o(i.GetInputRegisters), (8 bytes).
    Removing modbus.o(i.GetSWB), (10 bytes).
    Removing modbus.o(i.InitModBus), (120 bytes).
    Removing modbus.o(i.MBFindParam), (72 bytes).
    Removing modbus.o(i.MB_Parse), (840 bytes).
    Removing modbus.o(i.MB_ResetCnt), (28 bytes).
    Removing modbus.o(i.ModBusProc), (132 bytes).
    Removing modbus.o(i.SetHoldingRegisters), (116 bytes).
    Removing modbus.o(.bss), (514 bytes).
    Removing modbus.o(.constdata), (15 bytes).
    Removing modbus.o(.constdata), (1 bytes).
    Removing modbus.o(.data), (32 bytes).
    Removing modbusparams.o(.rev16_text), (4 bytes).
    Removing modbusparams.o(.revsh_text), (4 bytes).
    Removing modbusparams.o(i.MBCanWrite), (4 bytes).
    Removing modbusparams.o(.bss), (30 bytes).
    Removing modbusparams.o(.data), (228 bytes).
    Removing modbus.o(i.__ARM_common_switch8), (26 bytes).

94 unused section(s) (total 4058 bytes) removed from the image.

==============================================================================

Image Symbol Table

    Local Symbols

    Symbol Name                              Value     Ov Type        Size  Object(Section)

    ../clib/angel/boardlib.s                 0x00000000   Number         0  boardinit3.o ABSOLUTE
    ../clib/angel/boardlib.s                 0x00000000   Number         0  boardinit2.o ABSOLUTE
    ../clib/angel/boardlib.s                 0x00000000   Number         0  boardshut.o ABSOLUTE
    ../clib/angel/boardlib.s                 0x00000000   Number         0  boardinit1.o ABSOLUTE
    ../clib/angel/handlers.s                 0x00000000   Number         0  __scatter_zi.o ABSOLUTE
    ../clib/angel/handlers.s                 0x00000000   Number         0  __scatter_copy.o ABSOLUTE
    ../clib/angel/kernel.s                   0x00000000   Number         0  __rtentry2.o ABSOLUTE
    ../clib/angel/kernel.s                   0x00000000   Number         0  __rtentry4.o ABSOLUTE
    ../clib/angel/kernel.s                   0x00000000   Number         0  rtexit.o ABSOLUTE
    ../clib/angel/kernel.s                   0x00000000   Number         0  rtexit2.o ABSOLUTE
    ../clib/angel/kernel.s                   0x00000000   Number         0  __rtentry.o ABSOLUTE
    ../clib/angel/rt.s                       0x00000000   Number         0  aeabi_idiv0.o ABSOLUTE
    ../clib/angel/rt.s                       0x00000000   Number         0  aeabi_idiv0_sigfpe.o ABSOLUTE
    ../clib/angel/rt.s                       0x00000000   Number         0  rt_raise.o ABSOLUTE
    ../clib/angel/rt.s                       0x00000000   Number         0  rt_div0.o ABSOLUTE
    ../clib/angel/scatterp.s                 0x00000000   Number         0  __scatter.o ABSOLUTE
    ../clib/angel/startup.s                  0x00000000   Number         0  __main.o ABSOLUTE
    ../clib/angel/sys.s                      0x00000000   Number         0  use_no_semi.o ABSOLUTE
    ../clib/angel/sys.s                      0x00000000   Number         0  indicate_semi.o ABSOLUTE
    ../clib/angel/sys.s                      0x00000000   Number         0  libspace.o ABSOLUTE
    ../clib/angel/sys.s                      0x00000000   Number         0  tempstk.o ABSOLUTE
    ../clib/angel/sys.s                      0x00000000   Number         0  sys_stackheap_outer.o ABSOLUTE
    ../clib/angel/sysapp.c                   0x00000000   Number         0  sys_wrch.o ABSOLUTE
    ../clib/angel/sysapp.c                   0x00000000   Number         0  sys_exit.o ABSOLUTE
    ../clib/angel/sysapp.c                   0x00000000   Number         0  sys_command.o ABSOLUTE
    ../clib/armsys.c                         0x00000000   Number         0  _get_argv_nomalloc.o ABSOLUTE
    ../clib/armsys.c                         0x00000000   Number         0  no_argv.o ABSOLUTE
    ../clib/armsys.c                         0x00000000   Number         0  argv_veneer.o ABSOLUTE
    ../clib/division.s                       0x00000000   Number         0  aeabi_sdiv.o ABSOLUTE
    ../clib/division.s                       0x00000000   Number         0  aeabi_sdiv_div0.o ABSOLUTE
    ../clib/heapalloc.c                      0x00000000   Number         0  hrguard.o ABSOLUTE
    ../clib/heapaux.c                        0x00000000   Number         0  heapauxi.o ABSOLUTE
    ../clib/libinit.s                        0x00000000   Number         0  libshutdown.o ABSOLUTE
    ../clib/libinit.s                        0x00000000   Number         0  libshutdown2.o ABSOLUTE
    ../clib/libinit.s                        0x00000000   Number         0  libinit2.o ABSOLUTE
    ../clib/libinit.s                        0x00000000   Number         0  libinit.o ABSOLUTE
    ../clib/signal.c                         0x00000000   Number         0  defsig_abrt_inner.o ABSOLUTE
    ../clib/signal.c                         0x00000000   Number         0  defsig_exit.o ABSOLUTE
    ../clib/signal.c                         0x00000000   Number         0  defsig_fpe_inner.o ABSOLUTE
    ../clib/signal.c                         0x00000000   Number         0  defsig_general.o ABSOLUTE
    ../clib/signal.c                         0x00000000   Number         0  defsig_fpe_outer.o ABSOLUTE
    ../clib/signal.c                         0x00000000   Number         0  defsig_rtmem_formal.o ABSOLUTE
    ../clib/signal.c                         0x00000000   Number         0  __raise.o ABSOLUTE
    ../clib/signal.c                         0x00000000   Number         0  defsig_fpe_formal.o ABSOLUTE
    ../clib/signal.c                         0x00000000   Number         0  defsig_other.o ABSOLUTE
    ../clib/signal.c                         0x00000000   Number         0  defsig_segv_inner.o ABSOLUTE
    ../clib/signal.c                         0x00000000   Number         0  defsig_cppl_inner.o ABSOLUTE
    ../clib/signal.c                         0x00000000   Number         0  defsig_pvfn_inner.o ABSOLUTE
    ../clib/signal.c                         0x00000000   Number         0  defsig_stak_inner.o ABSOLUTE
    ../clib/signal.c                         0x00000000   Number         0  defsig_rtmem_outer.o ABSOLUTE
    ../clib/signal.c                         0x00000000   Number         0  defsig_rtmem_inner.o ABSOLUTE
    ../clib/signal.c                         0x00000000   Number         0  defsig_rtred_inner.o ABSOLUTE
    ../clib/signal.s                         0x00000000   Number         0  defsig.o ABSOLUTE
    ../clib/stdlib.c                         0x00000000   Number         0  exit.o ABSOLUTE
    ../clib/string.c                         0x00000000   Number         0  strlen.o ABSOLUTE
    ../fplib/cfplib/cmpret.c                 0x00000000   Number         0  cmpret.o ABSOLUTE
    ../fplib/cfplib/dcmpin.c                 0x00000000   Number         0  dcmpin.o ABSOLUTE
    ../fplib/cfplib/fflt.c                   0x00000000   Number         0  dflti.o ABSOLUTE
    ../fplib/cfplib/fpinit.c                 0x00000000   Number         0  fpinit.o ABSOLUTE
    ../fplib/cfplib/nan2.c                   0x00000000   Number         0  dnan2.o ABSOLUTE
    ../fplib/cfplib/retnan.c                 0x00000000   Number         0  retnan.o ABSOLUTE
    ../fplib/dleqf6m.s                       0x00000000   Number         0  dlef.o ABSOLUTE
    ../fplib/usenofp.s                       0x00000000   Number         0  usenofp.o ABSOLUTE
    Source\ModBusParams.c                    0x00000000   Number         0  modbusparams.o ABSOLUTE
    Source\ModBus\ModBus.c                   0x00000000   Number         0  modbus.o ABSOLUTE
    Source\MyPeriph\MyEXTI.c                 0x00000000   Number         0  myexti.o ABSOLUTE
    Source\MyPeriph\fpuart1_051.c            0x00000000   Number         0  fpuart1_051.o ABSOLUTE
    Source\MyPeriph\mydma.c                  0x00000000   Number         0  mydma.o ABSOLUTE
    Source\MyPeriph\myflash.c                0x00000000   Number         0  myflash.o ABSOLUTE
    Source\MyPeriph\mygpio.c                 0x00000000   Number         0  mygpio.o ABSOLUTE
    Source\MyPeriph\myiwdg.c                 0x00000000   Number         0  myiwdg.o ABSOLUTE
    Source\MyPeriph\mytimer.c                0x00000000   Number         0  mytimer.o ABSOLUTE
    Source\MyPeriph\myuart.c                 0x00000000   Number         0  myuart.o ABSOLUTE
    Source\\ModBusParams.c                   0x00000000   Number         0  modbusparams.o ABSOLUTE
    Source\\ModBus\\ModBus.c                 0x00000000   Number         0  modbus.o ABSOLUTE
    Source\\MyPeriph\\MyEXTI.c               0x00000000   Number         0  myexti.o ABSOLUTE
    Source\\MyPeriph\\fpuart1_051.c          0x00000000   Number         0  fpuart1_051.o ABSOLUTE
    Source\\MyPeriph\\mydma.c                0x00000000   Number         0  mydma.o ABSOLUTE
    Source\\MyPeriph\\myflash.c              0x00000000   Number         0  myflash.o ABSOLUTE
    Source\\MyPeriph\\mygpio.c               0x00000000   Number         0  mygpio.o ABSOLUTE
    Source\\MyPeriph\\myiwdg.c               0x00000000   Number         0  myiwdg.o ABSOLUTE
    Source\\MyPeriph\\mytimer.c              0x00000000   Number         0  mytimer.o ABSOLUTE
    Source\\MyPeriph\\myuart.c               0x00000000   Number         0  myuart.o ABSOLUTE
    Source\\buttonpush.c                     0x00000000   Number         0  buttonpush.o ABSOLUTE
    Source\\lockproc.c                       0x00000000   Number         0  lockproc.o ABSOLUTE
    Source\\main.c                           0x00000000   Number         0  main.o ABSOLUTE
    Source\\manualkey.c                      0x00000000   Number         0  manualkey.o ABSOLUTE
    Source\\mysettings.c                     0x00000000   Number         0  mysettings.o ABSOLUTE
    Source\\playsound.c                      0x00000000   Number         0  playsound.o ABSOLUTE
    Source\\ssec.c                           0x00000000   Number         0  ssec.o ABSOLUTE
    Source\\system_f051.c                    0x00000000   Number         0  system_f051.o ABSOLUTE
    Source\buttonpush.c                      0x00000000   Number         0  buttonpush.o ABSOLUTE
    Source\lockproc.c                        0x00000000   Number         0  lockproc.o ABSOLUTE
    Source\main.c                            0x00000000   Number         0  main.o ABSOLUTE
    Source\manualkey.c                       0x00000000   Number         0  manualkey.o ABSOLUTE
    Source\mysettings.c                      0x00000000   Number         0  mysettings.o ABSOLUTE
    Source\playsound.c                       0x00000000   Number         0  playsound.o ABSOLUTE
    Source\ssec.c                            0x00000000   Number         0  ssec.o ABSOLUTE
    Source\startup_stm32f0xx.s               0x00000000   Number         0  startup_stm32f0xx.o ABSOLUTE
    Source\system_f051.c                     0x00000000   Number         0  system_f051.o ABSOLUTE
    dc.s                                     0x00000000   Number         0  dc.o ABSOLUTE
    .ARM.__AT_0x0000F800                     0x0000f800   Section       16  mysettings.o(.ARM.__AT_0x0000F800)
    __tagsym$$used                           0x0000f800   Number         0  mysettings.o(.ARM.__AT_0x0000F800)
    .ARM.__AT_0x0000FB00                     0x0000fb00   Section        2  mysettings.o(.ARM.__AT_0x0000FB00)
    __tagsym$$used                           0x0000fb00   Number         0  mysettings.o(.ARM.__AT_0x0000FB00)
    .ARM.__AT_0x0000FC00                     0x0000fc00   Section       16  mysettings.o(.ARM.__AT_0x0000FC00)
    __tagsym$$used                           0x0000fc00   Number         0  mysettings.o(.ARM.__AT_0x0000FC00)
    .ARM.__AT_0x0000FF00                     0x0000ff00   Section        2  mysettings.o(.ARM.__AT_0x0000FF00)
    __tagsym$$used                           0x0000ff00   Number         0  mysettings.o(.ARM.__AT_0x0000FF00)
    RESET                                    0x08000000   Section      192  startup_stm32f0xx.o(RESET)
    !!!main                                  0x080000c0   Section        8  __main.o(!!!main)
    !!!scatter                               0x080000c8   Section       60  __scatter.o(!!!scatter)
    !!handler_copy                           0x08000104   Section       26  __scatter_copy.o(!!handler_copy)
    !!handler_zi                             0x08000120   Section       28  __scatter_zi.o(!!handler_zi)
    .ARM.Collect$$libinit$$00000000          0x0800013c   Section        2  libinit.o(.ARM.Collect$$libinit$$00000000)
    .ARM.Collect$$libinit$$00000002          0x0800013e   Section        0  libinit2.o(.ARM.Collect$$libinit$$00000002)
    .ARM.Collect$$libinit$$00000004          0x0800013e   Section        0  libinit2.o(.ARM.Collect$$libinit$$00000004)
    .ARM.Collect$$libinit$$0000000A          0x0800013e   Section        0  libinit2.o(.ARM.Collect$$libinit$$0000000A)
    .ARM.Collect$$libinit$$0000000C          0x0800013e   Section        0  libinit2.o(.ARM.Collect$$libinit$$0000000C)
    .ARM.Collect$$libinit$$0000000E          0x0800013e   Section        0  libinit2.o(.ARM.Collect$$libinit$$0000000E)
    .ARM.Collect$$libinit$$00000011          0x0800013e   Section        0  libinit2.o(.ARM.Collect$$libinit$$00000011)
    .ARM.Collect$$libinit$$00000013          0x0800013e   Section        0  libinit2.o(.ARM.Collect$$libinit$$00000013)
    .ARM.Collect$$libinit$$00000015          0x0800013e   Section        0  libinit2.o(.ARM.Collect$$libinit$$00000015)
    .ARM.Collect$$libinit$$00000017          0x0800013e   Section        0  libinit2.o(.ARM.Collect$$libinit$$00000017)
    .ARM.Collect$$libinit$$00000019          0x0800013e   Section        0  libinit2.o(.ARM.Collect$$libinit$$00000019)
    .ARM.Collect$$libinit$$0000001B          0x0800013e   Section        0  libinit2.o(.ARM.Collect$$libinit$$0000001B)
    .ARM.Collect$$libinit$$0000001D          0x0800013e   Section        0  libinit2.o(.ARM.Collect$$libinit$$0000001D)
    .ARM.Collect$$libinit$$0000001F          0x0800013e   Section        0  libinit2.o(.ARM.Collect$$libinit$$0000001F)
    .ARM.Collect$$libinit$$00000021          0x0800013e   Section        0  libinit2.o(.ARM.Collect$$libinit$$00000021)
    .ARM.Collect$$libinit$$00000023          0x0800013e   Section        0  libinit2.o(.ARM.Collect$$libinit$$00000023)
    .ARM.Collect$$libinit$$00000025          0x0800013e   Section        0  libinit2.o(.ARM.Collect$$libinit$$00000025)
    .ARM.Collect$$libinit$$0000002C          0x0800013e   Section        0  libinit2.o(.ARM.Collect$$libinit$$0000002C)
    .ARM.Collect$$libinit$$0000002E          0x0800013e   Section        0  libinit2.o(.ARM.Collect$$libinit$$0000002E)
    .ARM.Collect$$libinit$$00000030          0x0800013e   Section        0  libinit2.o(.ARM.Collect$$libinit$$00000030)
    .ARM.Collect$$libinit$$00000032          0x0800013e   Section        0  libinit2.o(.ARM.Collect$$libinit$$00000032)
    .ARM.Collect$$libinit$$00000033          0x0800013e   Section        2  libinit2.o(.ARM.Collect$$libinit$$00000033)
    .ARM.Collect$$libshutdown$$00000000      0x08000140   Section        2  libshutdown.o(.ARM.Collect$$libshutdown$$00000000)
    .ARM.Collect$$libshutdown$$00000002      0x08000142   Section        0  libshutdown2.o(.ARM.Collect$$libshutdown$$00000002)
    .ARM.Collect$$libshutdown$$00000004      0x08000142   Section        0  libshutdown2.o(.ARM.Collect$$libshutdown$$00000004)
    .ARM.Collect$$libshutdown$$00000007      0x08000142   Section        0  libshutdown2.o(.ARM.Collect$$libshutdown$$00000007)
    .ARM.Collect$$libshutdown$$0000000A      0x08000142   Section        0  libshutdown2.o(.ARM.Collect$$libshutdown$$0000000A)
    .ARM.Collect$$libshutdown$$0000000C      0x08000142   Section        0  libshutdown2.o(.ARM.Collect$$libshutdown$$0000000C)
    .ARM.Collect$$libshutdown$$0000000F      0x08000142   Section        0  libshutdown2.o(.ARM.Collect$$libshutdown$$0000000F)
    .ARM.Collect$$libshutdown$$00000010      0x08000142   Section        2  libshutdown2.o(.ARM.Collect$$libshutdown$$00000010)
    .ARM.Collect$$rtentry$$00000000          0x08000144   Section        0  __rtentry.o(.ARM.Collect$$rtentry$$00000000)
    .ARM.Collect$$rtentry$$00000002          0x08000144   Section        0  __rtentry2.o(.ARM.Collect$$rtentry$$00000002)
    .ARM.Collect$$rtentry$$00000004          0x08000144   Section        6  __rtentry4.o(.ARM.Collect$$rtentry$$00000004)
    .ARM.Collect$$rtentry$$00000009          0x0800014a   Section        0  __rtentry2.o(.ARM.Collect$$rtentry$$00000009)
    .ARM.Collect$$rtentry$$0000000A          0x0800014a   Section        4  __rtentry2.o(.ARM.Collect$$rtentry$$0000000A)
    .ARM.Collect$$rtentry$$0000000C          0x0800014e   Section        0  __rtentry2.o(.ARM.Collect$$rtentry$$0000000C)
    .ARM.Collect$$rtentry$$0000000D          0x0800014e   Section        8  __rtentry2.o(.ARM.Collect$$rtentry$$0000000D)
    .ARM.Collect$$rtexit$$00000000           0x08000156   Section        2  rtexit.o(.ARM.Collect$$rtexit$$00000000)
    .ARM.Collect$$rtexit$$00000002           0x08000158   Section        0  rtexit2.o(.ARM.Collect$$rtexit$$00000002)
    .ARM.Collect$$rtexit$$00000003           0x08000158   Section        4  rtexit2.o(.ARM.Collect$$rtexit$$00000003)
    .ARM.Collect$$rtexit$$00000004           0x0800015c   Section        6  rtexit2.o(.ARM.Collect$$rtexit$$00000004)
    .text                                    0x08000164   Section       56  startup_stm32f0xx.o(.text)
    .text                                    0x0800019c   Section      346  aeabi_sdiv.o(.text)
    .text                                    0x080002f6   Section        0  heapauxi.o(.text)
    .text                                    0x080002fc   Section        0  dflti.o(.text)
    .text                                    0x08000354   Section        0  dcmpin.o(.text)
    .text                                    0x080003e4   Section        0  cmpret.o(.text)
    .text                                    0x08000414   Section        0  dnan2.o(.text)
    .text                                    0x08000428   Section       62  sys_stackheap_outer.o(.text)
    .text                                    0x08000466   Section        0  exit.o(.text)
    .text                                    0x08000476   Section        0  retnan.o(.text)
    .text                                    0x080004d4   Section        8  libspace.o(.text)
    .text                                    0x080004dc   Section        0  sys_exit.o(.text)
    .text                                    0x080004e8   Section        2  use_no_semi.o(.text)
    .text                                    0x080004ea   Section        0  indicate_semi.o(.text)
    i.Analize                                0x080004ec   Section        0  main.o(i.Analize)
    i.CalcCRC                                0x080005b0   Section        0  modbus.o(i.CalcCRC)
    i.CheckPass                              0x080005e8   Section        0  main.o(i.CheckPass)
    i.CheckSaveHardDSt                       0x08000604   Section        0  mysettings.o(i.CheckSaveHardDSt)
    i.ConfigHW                               0x0800064c   Section        0  main.o(i.ConfigHW)
    i.DoorCmd                                0x08000744   Section        0  lockproc.o(i.DoorCmd)
    i.FLErasePage                            0x08000760   Section        0  myflash.o(i.FLErasePage)
    i.FLLock                                 0x08000798   Section        0  myflash.o(i.FLLock)
    i.FLProgramWord                          0x080007a8   Section        0  myflash.o(i.FLProgramWord)
    i.FLUnlock                               0x080007e4   Section        0  myflash.o(i.FLUnlock)
    i.FLWait                                 0x08000804   Section        0  myflash.o(i.FLWait)
    i.FPU1H_settoc                           0x08000814   Section        0  fpuart1_051.o(i.FPU1H_settoc)
    i.GGetPin                                0x08000838   Section        0  mygpio.o(i.GGetPin)
    i.GResetPin                              0x08000846   Section        0  mygpio.o(i.GResetPin)
    i.GSetPin                                0x08000850   Section        0  mygpio.o(i.GSetPin)
    i.GSetPinToInput                         0x08000858   Section        0  mygpio.o(i.GSetPinToInput)
    i.GSetPinToOutput                        0x080008b8   Section        0  mygpio.o(i.GSetPinToOutput)
    i.InitIWDG                               0x08000920   Section        0  myiwdg.o(i.InitIWDG)
    i.InitOC                                 0x08000944   Section        0  mytimer.o(i.InitOC)
    i.InitSSEC                               0x08000984   Section        0  ssec.o(i.InitSSEC)
    i.InitTimer                              0x080009e8   Section        0  mytimer.o(i.InitTimer)
    i.ReinitFromHardDSt                      0x08000a04   Section        0  mysettings.o(i.ReinitFromHardDSt)
    i.SaveCopy                               0x08000a84   Section        0  mysettings.o(i.SaveCopy)
    i.SetPass                                0x08000ae8   Section        0  main.o(i.SetPass)
    i.Sound                                  0x08000b04   Section        0  ssec.o(i.Sound)
    i.StartTimer                             0x08000b10   Section        0  mytimer.o(i.StartTimer)
    i.SysInit                                0x08000b1c   Section        0  main.o(i.SysInit)
    i.SystemCoreClockUpdate                  0x08000b78   Section        0  system_f051.o(i.SystemCoreClockUpdate)
    i.SystemInit                             0x08000bec   Section        0  system_f051.o(i.SystemInit)
    i.TIM3_IRQHandler                        0x08000c48   Section        0  ssec.o(i.TIM3_IRQHandler)
    i.USART1_IRQHandler                      0x08000ce0   Section        0  fpuart1_051.o(i.USART1_IRQHandler)
    i.USART_DisableIRQ                       0x08000d20   Section        0  myuart.o(i.USART_DisableIRQ)
    i.beep                                   0x08000d30   Section        0  playsound.o(i.beep)
    i.buttonpush                             0x08000d8c   Section        0  buttonpush.o(i.buttonpush)
    i.getssec                                0x08000e38   Section        0  ssec.o(i.getssec)
    i.main                                   0x08000e44   Section        0  main.o(i.main)
    i.manualkey                              0x08000ea8   Section        0  manualkey.o(i.manualkey)
    i.opendoor                               0x08000f18   Section        0  lockproc.o(i.opendoor)
    i.tdlt                                   0x08000fd0   Section        0  ssec.o(i.tdlt)
    i.zgetssec                               0x08000fe0   Section        0  ssec.o(i.zgetssec)
    x$fpl$dleqf                              0x08000ff0   Section      100  dlef.o(x$fpl$dleqf)
    .constdata                               0x08001054   Section       16  mysettings.o(.constdata)
    x$fpl$usenofp                            0x08001054   Section        0  usenofp.o(x$fpl$usenofp)
    .constdata                               0x08001064   Section       16  system_f051.o(.constdata)
    .data                                    0x20000000   Section        8  mysettings.o(.data)
    .data                                    0x20000008   Section       13  ssec.o(.data)
    .data                                    0x20000018   Section        4  system_f051.o(.data)
    .data                                    0x2000001c   Section       16  buttonpush.o(.data)
    .data                                    0x2000002c   Section        6  playsound.o(.data)
    .data                                    0x20000034   Section        8  lockproc.o(.data)
    dtime                                    0x20000038   Data           4  lockproc.o(.data)
    .data                                    0x2000003c   Section        8  manualkey.o(.data)
    opentime                                 0x2000003c   Data           4  manualkey.o(.data)
    closetime                                0x20000040   Data           4  manualkey.o(.data)
    .data                                    0x20000044   Section       16  fpuart1_051.o(.data)
    .bss                                     0x20000054   Section      130  main.o(.bss)
    .bss                                     0x200000d8   Section       16  mysettings.o(.bss)
    .bss                                     0x200000e8   Section       96  libspace.o(.bss)
    HEAP                                     0x20000148   Section      512  startup_stm32f0xx.o(HEAP)
    Heap_Mem                                 0x20000148   Data         512  startup_stm32f0xx.o(HEAP)
    STACK                                    0x20000348   Section     1536  startup_stm32f0xx.o(STACK)
    Stack_Mem                                0x20000348   Data        1536  startup_stm32f0xx.o(STACK)
    __initial_sp                             0x20000948   Data           0  startup_stm32f0xx.o(STACK)

    Global Symbols

    Symbol Name                              Value     Ov Type        Size  Object(Section)

    BuildAttributes$$THM_ISAv3M$S$PE$A:L22$X:L11$S22$IEEE1$IW$USESV6$~STKCKD$USESV7$~SHL$OSPACE$ROPI$EBA8$UX$STANDARDLIB$REQ8$PRES8$EABIv2 0x00000000   Number         0  anon$$obj.o ABSOLUTE
    __ARM_use_no_argv                        0x00000000   Number         0  main.o ABSOLUTE
    __ARM_exceptions_init                     - Undefined Weak Reference
    __alloca_initialize                       - Undefined Weak Reference
    __arm_preinit_                            - Undefined Weak Reference
    __cpp_initialize__aeabi_                  - Undefined Weak Reference
    __cxa_finalize                            - Undefined Weak Reference
    __rt_locale                               - Undefined Weak Reference
    __sigvec_lookup                           - Undefined Weak Reference
    _atexit_init                              - Undefined Weak Reference
    _call_atexit_fns                          - Undefined Weak Reference
    _clock_init                               - Undefined Weak Reference
    _fp_trap_init                             - Undefined Weak Reference
    _fp_trap_shutdown                         - Undefined Weak Reference
    _get_lc_collate                           - Undefined Weak Reference
    _get_lc_ctype                             - Undefined Weak Reference
    _get_lc_monetary                          - Undefined Weak Reference
    _get_lc_numeric                           - Undefined Weak Reference
    _get_lc_time                              - Undefined Weak Reference
    _getenv_init                              - Undefined Weak Reference
    _handle_redirection                       - Undefined Weak Reference
    _init_alloc                               - Undefined Weak Reference
    _init_user_alloc                          - Undefined Weak Reference
    _initio                                   - Undefined Weak Reference
    _rand_init                                - Undefined Weak Reference
    _signal_finish                            - Undefined Weak Reference
    _signal_init                              - Undefined Weak Reference
    _terminate_alloc                          - Undefined Weak Reference
    _terminate_user_alloc                     - Undefined Weak Reference
    _terminateio                              - Undefined Weak Reference
    __Vectors_Size                           0x000000c0   Number         0  startup_stm32f0xx.o ABSOLUTE
    HardDSt                                  0x0000f800   Data          16  mysettings.o(.ARM.__AT_0x0000F800)
    HDStCRC                                  0x0000fb00   Data           2  mysettings.o(.ARM.__AT_0x0000FB00)
    HardDStCopy                              0x0000fc00   Data          16  mysettings.o(.ARM.__AT_0x0000FC00)
    HDStCopyCRC                              0x0000ff00   Data           2  mysettings.o(.ARM.__AT_0x0000FF00)
    __Vectors                                0x08000000   Data           4  startup_stm32f0xx.o(RESET)
    __Vectors_End                            0x080000c0   Data           0  startup_stm32f0xx.o(RESET)
    __main                                   0x080000c1   Thumb Code     8  __main.o(!!!main)
    __scatterload                            0x080000c9   Thumb Code     0  __scatter.o(!!!scatter)
    __scatterload_rt2                        0x080000c9   Thumb Code    52  __scatter.o(!!!scatter)
    __scatterload_rt2_thumb_only             0x080000c9   Thumb Code     0  __scatter.o(!!!scatter)
    __scatterload_null                       0x080000d9   Thumb Code     0  __scatter.o(!!!scatter)
    __scatterload_copy                       0x08000105   Thumb Code    26  __scatter_copy.o(!!handler_copy)
    __scatterload_zeroinit                   0x08000121   Thumb Code    28  __scatter_zi.o(!!handler_zi)
    __rt_lib_init                            0x0800013d   Thumb Code     0  libinit.o(.ARM.Collect$$libinit$$00000000)
    __rt_lib_init_alloca_1                   0x0800013f   Thumb Code     0  libinit2.o(.ARM.Collect$$libinit$$0000002E)
    __rt_lib_init_argv_1                     0x0800013f   Thumb Code     0  libinit2.o(.ARM.Collect$$libinit$$0000002C)
    __rt_lib_init_atexit_1                   0x0800013f   Thumb Code     0  libinit2.o(.ARM.Collect$$libinit$$0000001B)
    __rt_lib_init_clock_1                    0x0800013f   Thumb Code     0  libinit2.o(.ARM.Collect$$libinit$$00000021)
    __rt_lib_init_cpp_1                      0x0800013f   Thumb Code     0  libinit2.o(.ARM.Collect$$libinit$$00000032)
    __rt_lib_init_exceptions_1               0x0800013f   Thumb Code     0  libinit2.o(.ARM.Collect$$libinit$$00000030)
    __rt_lib_init_fp_1                       0x0800013f   Thumb Code     0  libinit2.o(.ARM.Collect$$libinit$$00000002)
    __rt_lib_init_fp_trap_1                  0x0800013f   Thumb Code     0  libinit2.o(.ARM.Collect$$libinit$$0000001F)
    __rt_lib_init_getenv_1                   0x0800013f   Thumb Code     0  libinit2.o(.ARM.Collect$$libinit$$00000023)
    __rt_lib_init_heap_1                     0x0800013f   Thumb Code     0  libinit2.o(.ARM.Collect$$libinit$$0000000A)
    __rt_lib_init_lc_collate_1               0x0800013f   Thumb Code     0  libinit2.o(.ARM.Collect$$libinit$$00000011)
    __rt_lib_init_lc_ctype_1                 0x0800013f   Thumb Code     0  libinit2.o(.ARM.Collect$$libinit$$00000013)
    __rt_lib_init_lc_monetary_1              0x0800013f   Thumb Code     0  libinit2.o(.ARM.Collect$$libinit$$00000015)
    __rt_lib_init_lc_numeric_1               0x0800013f   Thumb Code     0  libinit2.o(.ARM.Collect$$libinit$$00000017)
    __rt_lib_init_lc_time_1                  0x0800013f   Thumb Code     0  libinit2.o(.ARM.Collect$$libinit$$00000019)
    __rt_lib_init_preinit_1                  0x0800013f   Thumb Code     0  libinit2.o(.ARM.Collect$$libinit$$00000004)
    __rt_lib_init_rand_1                     0x0800013f   Thumb Code     0  libinit2.o(.ARM.Collect$$libinit$$0000000E)
    __rt_lib_init_return                     0x0800013f   Thumb Code     0  libinit2.o(.ARM.Collect$$libinit$$00000033)
    __rt_lib_init_signal_1                   0x0800013f   Thumb Code     0  libinit2.o(.ARM.Collect$$libinit$$0000001D)
    __rt_lib_init_stdio_1                    0x0800013f   Thumb Code     0  libinit2.o(.ARM.Collect$$libinit$$00000025)
    __rt_lib_init_user_alloc_1               0x0800013f   Thumb Code     0  libinit2.o(.ARM.Collect$$libinit$$0000000C)
    __rt_lib_shutdown                        0x08000141   Thumb Code     0  libshutdown.o(.ARM.Collect$$libshutdown$$00000000)
    __rt_lib_shutdown_cpp_1                  0x08000143   Thumb Code     0  libshutdown2.o(.ARM.Collect$$libshutdown$$00000002)
    __rt_lib_shutdown_fp_trap_1              0x08000143   Thumb Code     0  libshutdown2.o(.ARM.Collect$$libshutdown$$00000007)
    __rt_lib_shutdown_heap_1                 0x08000143   Thumb Code     0  libshutdown2.o(.ARM.Collect$$libshutdown$$0000000F)
    __rt_lib_shutdown_return                 0x08000143   Thumb Code     0  libshutdown2.o(.ARM.Collect$$libshutdown$$00000010)
    __rt_lib_shutdown_signal_1               0x08000143   Thumb Code     0  libshutdown2.o(.ARM.Collect$$libshutdown$$0000000A)
    __rt_lib_shutdown_stdio_1                0x08000143   Thumb Code     0  libshutdown2.o(.ARM.Collect$$libshutdown$$00000004)
    __rt_lib_shutdown_user_alloc_1           0x08000143   Thumb Code     0  libshutdown2.o(.ARM.Collect$$libshutdown$$0000000C)
    __rt_entry                               0x08000145   Thumb Code     0  __rtentry.o(.ARM.Collect$$rtentry$$00000000)
    __rt_entry_presh_1                       0x08000145   Thumb Code     0  __rtentry2.o(.ARM.Collect$$rtentry$$00000002)
    __rt_entry_sh                            0x08000145   Thumb Code     0  __rtentry4.o(.ARM.Collect$$rtentry$$00000004)
    __rt_entry_li                            0x0800014b   Thumb Code     0  __rtentry2.o(.ARM.Collect$$rtentry$$0000000A)
    __rt_entry_postsh_1                      0x0800014b   Thumb Code     0  __rtentry2.o(.ARM.Collect$$rtentry$$00000009)
    __rt_entry_main                          0x0800014f   Thumb Code     0  __rtentry2.o(.ARM.Collect$$rtentry$$0000000D)
    __rt_entry_postli_1                      0x0800014f   Thumb Code     0  __rtentry2.o(.ARM.Collect$$rtentry$$0000000C)
    __rt_exit                                0x08000157   Thumb Code     0  rtexit.o(.ARM.Collect$$rtexit$$00000000)
    __rt_exit_ls                             0x08000159   Thumb Code     0  rtexit2.o(.ARM.Collect$$rtexit$$00000003)
    __rt_exit_prels_1                        0x08000159   Thumb Code     0  rtexit2.o(.ARM.Collect$$rtexit$$00000002)
    __rt_exit_exit                           0x0800015d   Thumb Code     0  rtexit2.o(.ARM.Collect$$rtexit$$00000004)
    Reset_Handler                            0x08000165   Thumb Code     8  startup_stm32f0xx.o(.text)
    NMI_Handler                              0x0800016d   Thumb Code     2  startup_stm32f0xx.o(.text)
    HardFault_Handler                        0x0800016f   Thumb Code     2  startup_stm32f0xx.o(.text)
    SVC_Handler                              0x08000171   Thumb Code     2  startup_stm32f0xx.o(.text)
    PendSV_Handler                           0x08000173   Thumb Code     2  startup_stm32f0xx.o(.text)
    SysTick_Handler                          0x08000175   Thumb Code     2  startup_stm32f0xx.o(.text)
    ADC1_COMP_IRQHandler                     0x08000177   Thumb Code     0  startup_stm32f0xx.o(.text)
    CEC_IRQHandler                           0x08000177   Thumb Code     0  startup_stm32f0xx.o(.text)
    DMA1_Channel1_IRQHandler                 0x08000177   Thumb Code     0  startup_stm32f0xx.o(.text)
    DMA1_Channel2_3_IRQHandler               0x08000177   Thumb Code     0  startup_stm32f0xx.o(.text)
    DMA1_Channel4_5_IRQHandler               0x08000177   Thumb Code     0  startup_stm32f0xx.o(.text)
    EXTI0_1_IRQHandler                       0x08000177   Thumb Code     0  startup_stm32f0xx.o(.text)
    EXTI2_3_IRQHandler                       0x08000177   Thumb Code     0  startup_stm32f0xx.o(.text)
    EXTI4_15_IRQHandler                      0x08000177   Thumb Code     0  startup_stm32f0xx.o(.text)
    FLASH_IRQHandler                         0x08000177   Thumb Code     0  startup_stm32f0xx.o(.text)
    I2C1_IRQHandler                          0x08000177   Thumb Code     0  startup_stm32f0xx.o(.text)
    I2C2_IRQHandler                          0x08000177   Thumb Code     0  startup_stm32f0xx.o(.text)
    PVD_IRQHandler                           0x08000177   Thumb Code     0  startup_stm32f0xx.o(.text)
    RCC_IRQHandler                           0x08000177   Thumb Code     0  startup_stm32f0xx.o(.text)
    RTC_IRQHandler                           0x08000177   Thumb Code     0  startup_stm32f0xx.o(.text)
    SPI1_IRQHandler                          0x08000177   Thumb Code     0  startup_stm32f0xx.o(.text)
    SPI2_IRQHandler                          0x08000177   Thumb Code     0  startup_stm32f0xx.o(.text)
    TIM14_IRQHandler                         0x08000177   Thumb Code     0  startup_stm32f0xx.o(.text)
    TIM15_IRQHandler                         0x08000177   Thumb Code     0  startup_stm32f0xx.o(.text)
    TIM16_IRQHandler                         0x08000177   Thumb Code     0  startup_stm32f0xx.o(.text)
    TIM17_IRQHandler                         0x08000177   Thumb Code     0  startup_stm32f0xx.o(.text)
    TIM1_BRK_UP_TRG_COM_IRQHandler           0x08000177   Thumb Code     0  startup_stm32f0xx.o(.text)
    TIM1_CC_IRQHandler                       0x08000177   Thumb Code     0  startup_stm32f0xx.o(.text)
    TIM2_IRQHandler                          0x08000177   Thumb Code     0  startup_stm32f0xx.o(.text)
    TIM6_DAC_IRQHandler                      0x08000177   Thumb Code     0  startup_stm32f0xx.o(.text)
    TS_IRQHandler                            0x08000177   Thumb Code     0  startup_stm32f0xx.o(.text)
    USART2_IRQHandler                        0x08000177   Thumb Code     0  startup_stm32f0xx.o(.text)
    WWDG_IRQHandler                          0x08000177   Thumb Code     0  startup_stm32f0xx.o(.text)
    __user_initial_stackheap                 0x08000179   Thumb Code     0  startup_stm32f0xx.o(.text)
    __aeabi_uidiv                            0x0800019d   Thumb Code     0  aeabi_sdiv.o(.text)
    __aeabi_uidivmod                         0x0800019d   Thumb Code    20  aeabi_sdiv.o(.text)
    __aeabi_idiv                             0x080001b1   Thumb Code     0  aeabi_sdiv.o(.text)
    __aeabi_idivmod                          0x080001b1   Thumb Code   326  aeabi_sdiv.o(.text)
    __use_two_region_memory                  0x080002f7   Thumb Code     2  heapauxi.o(.text)
    __rt_heap_escrow$2region                 0x080002f9   Thumb Code     2  heapauxi.o(.text)
    __rt_heap_expand$2region                 0x080002fb   Thumb Code     2  heapauxi.o(.text)
    __aeabi_i2d_normalise                    0x080002fd   Thumb Code    66  dflti.o(.text)
    __aeabi_i2d                              0x0800033f   Thumb Code    16  dflti.o(.text)
    _dflt                                    0x0800033f   Thumb Code     0  dflti.o(.text)
    __aeabi_ui2d                             0x0800034f   Thumb Code     6  dflti.o(.text)
    _dfltu                                   0x0800034f   Thumb Code     0  dflti.o(.text)
    __fpl_dcmp_InfNaN                        0x08000355   Thumb Code   140  dcmpin.o(.text)
    __fpl_cmpreturn                          0x080003e5   Thumb Code    46  cmpret.o(.text)
    __fpl_dcheck_NaN2                        0x08000415   Thumb Code    14  dnan2.o(.text)
    __user_setup_stackheap                   0x08000429   Thumb Code    62  sys_stackheap_outer.o(.text)
    exit                                     0x08000467   Thumb Code    16  exit.o(.text)
    __fpl_return_NaN                         0x08000477   Thumb Code    94  retnan.o(.text)
    __user_libspace                          0x080004d5   Thumb Code     8  libspace.o(.text)
    __user_perproc_libspace                  0x080004d5   Thumb Code     0  libspace.o(.text)
    __user_perthread_libspace                0x080004d5   Thumb Code     0  libspace.o(.text)
    _sys_exit                                0x080004dd   Thumb Code     8  sys_exit.o(.text)
    __I$use$semihosting                      0x080004e9   Thumb Code     0  use_no_semi.o(.text)
    __use_no_semihosting_swi                 0x080004e9   Thumb Code     2  use_no_semi.o(.text)
    __semihosting_library_function           0x080004eb   Thumb Code     0  indicate_semi.o(.text)
    Analize                                  0x080004ed   Thumb Code   186  main.o(i.Analize)
    CalcCRC                                  0x080005b1   Thumb Code    48  modbus.o(i.CalcCRC)
    CheckPass                                0x080005e9   Thumb Code    24  main.o(i.CheckPass)
    CheckSaveHardDSt                         0x08000605   Thumb Code    50  mysettings.o(i.CheckSaveHardDSt)
    ConfigHW                                 0x0800064d   Thumb Code   238  main.o(i.ConfigHW)
    DoorCmd                                  0x08000745   Thumb Code    22  lockproc.o(i.DoorCmd)
    FLErasePage                              0x08000761   Thumb Code    48  myflash.o(i.FLErasePage)
    FLLock                                   0x08000799   Thumb Code    12  myflash.o(i.FLLock)
    FLProgramWord                            0x080007a9   Thumb Code    52  myflash.o(i.FLProgramWord)
    FLUnlock                                 0x080007e5   Thumb Code    18  myflash.o(i.FLUnlock)
    FLWait                                   0x08000805   Thumb Code    10  myflash.o(i.FLWait)
    FPU1H_settoc                             0x08000815   Thumb Code    28  fpuart1_051.o(i.FPU1H_settoc)
    GGetPin                                  0x08000839   Thumb Code    14  mygpio.o(i.GGetPin)
    GResetPin                                0x08000847   Thumb Code    10  mygpio.o(i.GResetPin)
    GSetPin                                  0x08000851   Thumb Code     8  mygpio.o(i.GSetPin)
    GSetPinToInput                           0x08000859   Thumb Code    92  mygpio.o(i.GSetPinToInput)
    GSetPinToOutput                          0x080008b9   Thumb Code   100  mygpio.o(i.GSetPinToOutput)
    InitIWDG                                 0x08000921   Thumb Code    28  myiwdg.o(i.InitIWDG)
    InitOC                                   0x08000945   Thumb Code    64  mytimer.o(i.InitOC)
    InitSSEC                                 0x08000985   Thumb Code    82  ssec.o(i.InitSSEC)
    InitTimer                                0x080009e9   Thumb Code    26  mytimer.o(i.InitTimer)
    ReinitFromHardDSt                        0x08000a05   Thumb Code    98  mysettings.o(i.ReinitFromHardDSt)
    SaveCopy                                 0x08000a85   Thumb Code    84  mysettings.o(i.SaveCopy)
    SetPass                                  0x08000ae9   Thumb Code    18  main.o(i.SetPass)
    Sound                                    0x08000b05   Thumb Code     6  ssec.o(i.Sound)
    StartTimer                               0x08000b11   Thumb Code    10  mytimer.o(i.StartTimer)
    SysInit                                  0x08000b1d   Thumb Code    80  main.o(i.SysInit)
    SystemCoreClockUpdate                    0x08000b79   Thumb Code    94  system_f051.o(i.SystemCoreClockUpdate)
    SystemInit                               0x08000bed   Thumb Code    78  system_f051.o(i.SystemInit)
    TIM3_IRQHandler                          0x08000c49   Thumb Code   124  ssec.o(i.TIM3_IRQHandler)
    USART1_IRQHandler                        0x08000ce1   Thumb Code    54  fpuart1_051.o(i.USART1_IRQHandler)
    USART_DisableIRQ                         0x08000d21   Thumb Code    14  myuart.o(i.USART_DisableIRQ)
    beep                                     0x08000d31   Thumb Code    78  playsound.o(i.beep)
    buttonpush                               0x08000d8d   Thumb Code   160  buttonpush.o(i.buttonpush)
    getssec                                  0x08000e39   Thumb Code     6  ssec.o(i.getssec)
    main                                     0x08000e45   Thumb Code    78  main.o(i.main)
    manualkey                                0x08000ea9   Thumb Code   102  manualkey.o(i.manualkey)
    opendoor                                 0x08000f19   Thumb Code   174  lockproc.o(i.opendoor)
    tdlt                                     0x08000fd1   Thumb Code    10  ssec.o(i.tdlt)
    zgetssec                                 0x08000fe1   Thumb Code    12  ssec.o(i.zgetssec)
    __aeabi_cdcmple                          0x08000ff1   Thumb Code     0  dlef.o(x$fpl$dleqf)
    _dcmple                                  0x08000ff1   Thumb Code    94  dlef.o(x$fpl$dleqf)
    HardDStMaster                            0x08001054   Data          16  mysettings.o(.constdata)
    __I$use$fp                               0x08001054   Number         0  usenofp.o(x$fpl$usenofp)
    AHBPrescTable                            0x08001064   Data          16  system_f051.o(.constdata)
    Region$$Table$$Base                      0x08001074   Number         0  anon$$obj.o(Region$$Table)
    Region$$Table$$Limit                     0x08001094   Number         0  anon$$obj.o(Region$$Table)
    RescueState                              0x20000000   Data           2  mysettings.o(.data)
    hssavetime                               0x20000004   Data           4  mysettings.o(.data)
    ssecpulse                                0x20000008   Data           4  ssec.o(.data)
    ssec                                     0x2000000c   Data           4  ssec.o(.data)
    div2sec                                  0x20000010   Data           4  ssec.o(.data)
    sound                                    0x20000014   Data           1  ssec.o(.data)
    SystemCoreClock                          0x20000018   Data           4  system_f051.o(.data)
    onb                                      0x2000001c   Data           2  buttonpush.o(.data)
    starton                                  0x2000001e   Data           2  buttonpush.o(.data)
    pnum                                     0x20000020   Data           2  buttonpush.o(.data)
    pnum1                                    0x20000022   Data           2  buttonpush.o(.data)
    ontime1                                  0x20000024   Data           4  buttonpush.o(.data)
    ontime2                                  0x20000028   Data           4  buttonpush.o(.data)
    action_time                              0x2000002c   Data           2  playsound.o(.data)
    pnum2                                    0x2000002e   Data           2  playsound.o(.data)
    playsound                                0x20000030   Data           2  playsound.o(.data)
    doorst                                   0x20000034   Data           2  lockproc.o(.data)
    FPU1H_errflg                             0x20000044   Data           1  fpuart1_051.o(.data)
    FPU1H_bufpos                             0x20000045   Data           1  fpuart1_051.o(.data)
    getto                                    0x20000046   Data           1  fpuart1_051.o(.data)
    FPU1H_trst                               0x20000047   Data           1  fpuart1_051.o(.data)
    FPU1H_trlen                              0x20000048   Data           2  fpuart1_051.o(.data)
    FPU1H_onebyte                            0x2000004c   Data           4  fpuart1_051.o(.data)
    FPU1H_trpnt                              0x20000050   Data           4  fpuart1_051.o(.data)
    push                                     0x20000054   Data         130  main.o(.bss)
    DSt                                      0x200000d8   Data          16  mysettings.o(.bss)
    __libspace_start                         0x200000e8   Data          96  libspace.o(.bss)
    __temporary_stack_top$libspace           0x20000148   Data           0  libspace.o(.bss)



==============================================================================

Memory Map of the image

  Image Entry point : 0x080000c1

  Load Region LR_IROM1 (Base: 0x08000000, Size: 0x000010e8, Max: 0x0000f800, ABSOLUTE)

    Execution Region ER_IROM1 (Exec base: 0x08000000, Load base: 0x08000000, Size: 0x00001094, Max: 0x0000f800, ABSOLUTE)

    Exec Addr    Load Addr    Size         Type   Attr      Idx    E Section Name        Object

    0x08000000   0x08000000   0x000000c0   Data   RO          295    RESET               startup_stm32f0xx.o
    0x080000c0   0x080000c0   0x00000008   Code   RO         1017  * !!!main             c_p.l(__main.o)
    0x080000c8   0x080000c8   0x0000003c   Code   RO         1199    !!!scatter          c_p.l(__scatter.o)
    0x08000104   0x08000104   0x0000001a   Code   RO         1201    !!handler_copy      c_p.l(__scatter_copy.o)
    0x0800011e   0x0800011e   0x00000002   PAD
    0x08000120   0x08000120   0x0000001c   Code   RO         1203    !!handler_zi        c_p.l(__scatter_zi.o)
    0x0800013c   0x0800013c   0x00000002   Code   RO         1066    .ARM.Collect$$libinit$$00000000  c_p.l(libinit.o)
    0x0800013e   0x0800013e   0x00000000   Code   RO         1082    .ARM.Collect$$libinit$$00000002  c_p.l(libinit2.o)
    0x0800013e   0x0800013e   0x00000000   Code   RO         1084    .ARM.Collect$$libinit$$00000004  c_p.l(libinit2.o)
    0x0800013e   0x0800013e   0x00000000   Code   RO         1087    .ARM.Collect$$libinit$$0000000A  c_p.l(libinit2.o)
    0x0800013e   0x0800013e   0x00000000   Code   RO         1089    .ARM.Collect$$libinit$$0000000C  c_p.l(libinit2.o)
    0x0800013e   0x0800013e   0x00000000   Code   RO         1091    .ARM.Collect$$libinit$$0000000E  c_p.l(libinit2.o)
    0x0800013e   0x0800013e   0x00000000   Code   RO         1094    .ARM.Collect$$libinit$$00000011  c_p.l(libinit2.o)
    0x0800013e   0x0800013e   0x00000000   Code   RO         1096    .ARM.Collect$$libinit$$00000013  c_p.l(libinit2.o)
    0x0800013e   0x0800013e   0x00000000   Code   RO         1098    .ARM.Collect$$libinit$$00000015  c_p.l(libinit2.o)
    0x0800013e   0x0800013e   0x00000000   Code   RO         1100    .ARM.Collect$$libinit$$00000017  c_p.l(libinit2.o)
    0x0800013e   0x0800013e   0x00000000   Code   RO         1102    .ARM.Collect$$libinit$$00000019  c_p.l(libinit2.o)
    0x0800013e   0x0800013e   0x00000000   Code   RO         1104    .ARM.Collect$$libinit$$0000001B  c_p.l(libinit2.o)
    0x0800013e   0x0800013e   0x00000000   Code   RO         1106    .ARM.Collect$$libinit$$0000001D  c_p.l(libinit2.o)
    0x0800013e   0x0800013e   0x00000000   Code   RO         1108    .ARM.Collect$$libinit$$0000001F  c_p.l(libinit2.o)
    0x0800013e   0x0800013e   0x00000000   Code   RO         1110    .ARM.Collect$$libinit$$00000021  c_p.l(libinit2.o)
    0x0800013e   0x0800013e   0x00000000   Code   RO         1112    .ARM.Collect$$libinit$$00000023  c_p.l(libinit2.o)
    0x0800013e   0x0800013e   0x00000000   Code   RO         1114    .ARM.Collect$$libinit$$00000025  c_p.l(libinit2.o)
    0x0800013e   0x0800013e   0x00000000   Code   RO         1118    .ARM.Collect$$libinit$$0000002C  c_p.l(libinit2.o)
    0x0800013e   0x0800013e   0x00000000   Code   RO         1120    .ARM.Collect$$libinit$$0000002E  c_p.l(libinit2.o)
    0x0800013e   0x0800013e   0x00000000   Code   RO         1122    .ARM.Collect$$libinit$$00000030  c_p.l(libinit2.o)
    0x0800013e   0x0800013e   0x00000000   Code   RO         1124    .ARM.Collect$$libinit$$00000032  c_p.l(libinit2.o)
    0x0800013e   0x0800013e   0x00000002   Code   RO         1125    .ARM.Collect$$libinit$$00000033  c_p.l(libinit2.o)
    0x08000140   0x08000140   0x00000002   Code   RO         1156    .ARM.Collect$$libshutdown$$00000000  c_p.l(libshutdown.o)
    0x08000142   0x08000142   0x00000000   Code   RO         1182    .ARM.Collect$$libshutdown$$00000002  c_p.l(libshutdown2.o)
    0x08000142   0x08000142   0x00000000   Code   RO         1184    .ARM.Collect$$libshutdown$$00000004  c_p.l(libshutdown2.o)
    0x08000142   0x08000142   0x00000000   Code   RO         1187    .ARM.Collect$$libshutdown$$00000007  c_p.l(libshutdown2.o)
    0x08000142   0x08000142   0x00000000   Code   RO         1190    .ARM.Collect$$libshutdown$$0000000A  c_p.l(libshutdown2.o)
    0x08000142   0x08000142   0x00000000   Code   RO         1192    .ARM.Collect$$libshutdown$$0000000C  c_p.l(libshutdown2.o)
    0x08000142   0x08000142   0x00000000   Code   RO         1195    .ARM.Collect$$libshutdown$$0000000F  c_p.l(libshutdown2.o)
    0x08000142   0x08000142   0x00000002   Code   RO         1196    .ARM.Collect$$libshutdown$$00000010  c_p.l(libshutdown2.o)
    0x08000144   0x08000144   0x00000000   Code   RO         1023    .ARM.Collect$$rtentry$$00000000  c_p.l(__rtentry.o)
    0x08000144   0x08000144   0x00000000   Code   RO         1032    .ARM.Collect$$rtentry$$00000002  c_p.l(__rtentry2.o)
    0x08000144   0x08000144   0x00000006   Code   RO         1044    .ARM.Collect$$rtentry$$00000004  c_p.l(__rtentry4.o)
    0x0800014a   0x0800014a   0x00000000   Code   RO         1034    .ARM.Collect$$rtentry$$00000009  c_p.l(__rtentry2.o)
    0x0800014a   0x0800014a   0x00000004   Code   RO         1035    .ARM.Collect$$rtentry$$0000000A  c_p.l(__rtentry2.o)
    0x0800014e   0x0800014e   0x00000000   Code   RO         1037    .ARM.Collect$$rtentry$$0000000C  c_p.l(__rtentry2.o)
    0x0800014e   0x0800014e   0x00000008   Code   RO         1038    .ARM.Collect$$rtentry$$0000000D  c_p.l(__rtentry2.o)
    0x08000156   0x08000156   0x00000002   Code   RO         1073    .ARM.Collect$$rtexit$$00000000  c_p.l(rtexit.o)
    0x08000158   0x08000158   0x00000000   Code   RO         1129    .ARM.Collect$$rtexit$$00000002  c_p.l(rtexit2.o)
    0x08000158   0x08000158   0x00000004   Code   RO         1130    .ARM.Collect$$rtexit$$00000003  c_p.l(rtexit2.o)
    0x0800015c   0x0800015c   0x00000006   Code   RO         1131    .ARM.Collect$$rtexit$$00000004  c_p.l(rtexit2.o)
    0x08000162   0x08000162   0x00000002   PAD
    0x08000164   0x08000164   0x00000038   Code   RO          296    .text               startup_stm32f0xx.o
    0x0800019c   0x0800019c   0x0000015a   Code   RO         1011    .text               c_p.l(aeabi_sdiv.o)
    0x080002f6   0x080002f6   0x00000006   Code   RO         1015    .text               c_p.l(heapauxi.o)
    0x080002fc   0x080002fc   0x00000058   Code   RO         1019    .text               fz_ps.l(dflti.o)
    0x08000354   0x08000354   0x00000090   Code   RO         1028    .text               fz_ps.l(dcmpin.o)
    0x080003e4   0x080003e4   0x0000002e   Code   RO         1048    .text               fz_ps.l(cmpret.o)
    0x08000412   0x08000412   0x00000002   PAD
    0x08000414   0x08000414   0x00000014   Code   RO         1050    .text               fz_ps.l(dnan2.o)
    0x08000428   0x08000428   0x0000003e   Code   RO         1052    .text               c_p.l(sys_stackheap_outer.o)
    0x08000466   0x08000466   0x00000010   Code   RO         1055    .text               c_p.l(exit.o)
    0x08000476   0x08000476   0x0000005e   Code   RO         1067    .text               fz_ps.l(retnan.o)
    0x080004d4   0x080004d4   0x00000008   Code   RO         1069    .text               c_p.l(libspace.o)
    0x080004dc   0x080004dc   0x0000000c   Code   RO         1126    .text               c_p.l(sys_exit.o)
    0x080004e8   0x080004e8   0x00000002   Code   RO         1145    .text               c_p.l(use_no_semi.o)
    0x080004ea   0x080004ea   0x00000000   Code   RO         1147    .text               c_p.l(indicate_semi.o)
    0x080004ea   0x080004ea   0x00000002   PAD
    0x080004ec   0x080004ec   0x000000c4   Code   RO            3    i.Analize           main.o
    0x080005b0   0x080005b0   0x00000038   Code   RO          880    i.CalcCRC           modbus.o
    0x080005e8   0x080005e8   0x0000001c   Code   RO            4    i.CheckPass         main.o
    0x08000604   0x08000604   0x00000048   Code   RO          111    i.CheckSaveHardDSt  mysettings.o
    0x0800064c   0x0800064c   0x000000f8   Code   RO            5    i.ConfigHW          main.o
    0x08000744   0x08000744   0x0000001c   Code   RO          358    i.DoorCmd           lockproc.o
    0x08000760   0x08000760   0x00000038   Code   RO          512    i.FLErasePage       myflash.o
    0x08000798   0x08000798   0x00000010   Code   RO          514    i.FLLock            myflash.o
    0x080007a8   0x080007a8   0x0000003c   Code   RO          518    i.FLProgramWord     myflash.o
    0x080007e4   0x080007e4   0x00000020   Code   RO          519    i.FLUnlock          myflash.o
    0x08000804   0x08000804   0x00000010   Code   RO          521    i.FLWait            myflash.o
    0x08000814   0x08000814   0x00000024   Code   RO          784    i.FPU1H_settoc      fpuart1_051.o
    0x08000838   0x08000838   0x0000000e   Code   RO          589    i.GGetPin           mygpio.o
    0x08000846   0x08000846   0x0000000a   Code   RO          592    i.GResetPin         mygpio.o
    0x08000850   0x08000850   0x00000008   Code   RO          594    i.GSetPin           mygpio.o
    0x08000858   0x08000858   0x00000060   Code   RO          597    i.GSetPinToInput    mygpio.o
    0x080008b8   0x080008b8   0x00000068   Code   RO          598    i.GSetPinToOutput   mygpio.o
    0x08000920   0x08000920   0x00000024   Code   RO          672    i.InitIWDG          myiwdg.o
    0x08000944   0x08000944   0x00000040   Code   RO          701    i.InitOC            mytimer.o
    0x08000984   0x08000984   0x00000064   Code   RO          170    i.InitSSEC          ssec.o
    0x080009e8   0x080009e8   0x0000001a   Code   RO          702    i.InitTimer         mytimer.o
    0x08000a02   0x08000a02   0x00000002   PAD
    0x08000a04   0x08000a04   0x00000080   Code   RO          112    i.ReinitFromHardDSt  mysettings.o
    0x08000a84   0x08000a84   0x00000064   Code   RO          113    i.SaveCopy          mysettings.o
    0x08000ae8   0x08000ae8   0x0000001c   Code   RO            6    i.SetPass           main.o
    0x08000b04   0x08000b04   0x0000000c   Code   RO          171    i.Sound             ssec.o
    0x08000b10   0x08000b10   0x0000000a   Code   RO          703    i.StartTimer        mytimer.o
    0x08000b1a   0x08000b1a   0x00000002   PAD
    0x08000b1c   0x08000b1c   0x0000005c   Code   RO            7    i.SysInit           main.o
    0x08000b78   0x08000b78   0x00000074   Code   RO          261    i.SystemCoreClockUpdate  system_f051.o
    0x08000bec   0x08000bec   0x0000005c   Code   RO          262    i.SystemInit        system_f051.o
    0x08000c48   0x08000c48   0x00000098   Code   RO          172    i.TIM3_IRQHandler   ssec.o
    0x08000ce0   0x08000ce0   0x00000040   Code   RO          786    i.USART1_IRQHandler  fpuart1_051.o
    0x08000d20   0x08000d20   0x0000000e   Code   RO          744    i.USART_DisableIRQ  myuart.o
    0x08000d2e   0x08000d2e   0x00000002   PAD
    0x08000d30   0x08000d30   0x0000005c   Code   RO          330    i.beep              playsound.o
    0x08000d8c   0x08000d8c   0x000000ac   Code   RO          302    i.buttonpush        buttonpush.o
    0x08000e38   0x08000e38   0x0000000c   Code   RO          173    i.getssec           ssec.o
    0x08000e44   0x08000e44   0x00000064   Code   RO            8    i.main              main.o
    0x08000ea8   0x08000ea8   0x00000070   Code   RO          387    i.manualkey         manualkey.o
    0x08000f18   0x08000f18   0x000000b8   Code   RO          359    i.opendoor          lockproc.o
    0x08000fd0   0x08000fd0   0x00000010   Code   RO          174    i.tdlt              ssec.o
    0x08000fe0   0x08000fe0   0x00000010   Code   RO          175    i.zgetssec          ssec.o
    0x08000ff0   0x08000ff0   0x00000064   Code   RO         1021    x$fpl$dleqf         fz_ps.l(dlef.o)
    0x08001054   0x08001054   0x00000000   Code   RO         1030    x$fpl$usenofp       fz_ps.l(usenofp.o)
    0x08001054   0x08001054   0x00000010   Data   RO          119    .constdata          mysettings.o
    0x08001064   0x08001064   0x00000010   Data   RO          263    .constdata          system_f051.o
    0x08001074   0x08001074   0x00000020   Data   RO         1197    Region$$Table       anon$$obj.o


    Execution Region RW_IRAM1 (Exec base: 0x20000000, Load base: 0x08001094, Size: 0x00000948, Max: 0x00002000, ABSOLUTE)

    Exec Addr    Load Addr    Size         Type   Attr      Idx    E Section Name        Object

    0x20000000   0x08001094   0x00000008   Data   RW          120    .data               mysettings.o
    0x20000008   0x0800109c   0x0000000d   Data   RW          176    .data               ssec.o
    0x20000015   0x080010a9   0x00000003   PAD
    0x20000018   0x080010ac   0x00000004   Data   RW          264    .data               system_f051.o
    0x2000001c   0x080010b0   0x00000010   Data   RW          303    .data               buttonpush.o
    0x2000002c   0x080010c0   0x00000006   Data   RW          331    .data               playsound.o
    0x20000032   0x080010c6   0x00000002   PAD
    0x20000034   0x080010c8   0x00000008   Data   RW          360    .data               lockproc.o
    0x2000003c   0x080010d0   0x00000008   Data   RW          388    .data               manualkey.o
    0x20000044   0x080010d8   0x00000010   Data   RW          795    .data               fpuart1_051.o
    0x20000054        -       0x00000082   Zero   RW            9    .bss                main.o
    0x200000d6   0x080010e8   0x00000002   PAD
    0x200000d8        -       0x00000010   Zero   RW          118    .bss                mysettings.o
    0x200000e8        -       0x00000060   Zero   RW         1070    .bss                c_p.l(libspace.o)
    0x20000148        -       0x00000200   Zero   RW          294    HEAP                startup_stm32f0xx.o
    0x20000348        -       0x00000600   Zero   RW          293    STACK               startup_stm32f0xx.o



  Load Region LR$$.ARM.__AT_0x0000F800 (Base: 0x0000f800, Size: 0x00000000, Max: 0x00000010, ABSOLUTE)

    Execution Region ER$$.ARM.__AT_0x0000F800 (Exec base: 0x0000f800, Load base: 0x0000f800, Size: 0x00000010, Max: 0x00000010, ABSOLUTE, UNINIT)

    Exec Addr    Load Addr    Size         Type   Attr      Idx    E Section Name        Object

    0x0000f800        -       0x00000010   Zero   RW          114    .ARM.__AT_0x0000F800  mysettings.o



  Load Region LR$$.ARM.__AT_0x0000FB00 (Base: 0x0000fb00, Size: 0x00000000, Max: 0x00000004, ABSOLUTE)

    Execution Region ER$$.ARM.__AT_0x0000FB00 (Exec base: 0x0000fb00, Load base: 0x0000fb00, Size: 0x00000004, Max: 0x00000004, ABSOLUTE, UNINIT)

    Exec Addr    Load Addr    Size         Type   Attr      Idx    E Section Name        Object

    0x0000fb00        -       0x00000002   Zero   RW          115    .ARM.__AT_0x0000FB00  mysettings.o



  Load Region LR$$.ARM.__AT_0x0000FC00 (Base: 0x0000fc00, Size: 0x00000000, Max: 0x00000010, ABSOLUTE)

    Execution Region ER$$.ARM.__AT_0x0000FC00 (Exec base: 0x0000fc00, Load base: 0x0000fc00, Size: 0x00000010, Max: 0x00000010, ABSOLUTE, UNINIT)

    Exec Addr    Load Addr    Size         Type   Attr      Idx    E Section Name        Object

    0x0000fc00        -       0x00000010   Zero   RW          116    .ARM.__AT_0x0000FC00  mysettings.o



  Load Region LR$$.ARM.__AT_0x0000FF00 (Base: 0x0000ff00, Size: 0x00000000, Max: 0x00000004, ABSOLUTE)

    Execution Region ER$$.ARM.__AT_0x0000FF00 (Exec base: 0x0000ff00, Load base: 0x0000ff00, Size: 0x00000004, Max: 0x00000004, ABSOLUTE, UNINIT)

    Exec Addr    Load Addr    Size         Type   Attr      Idx    E Section Name        Object

    0x0000ff00        -       0x00000002   Zero   RW          117    .ARM.__AT_0x0000FF00  mysettings.o


==============================================================================

Image component sizes


      Code (inc. data)   RO Data    RW Data    ZI Data      Debug   Object Name

       172         12          0         16          0        962   buttonpush.o
       100         18          0         16          0       1932   fpuart1_051.o
       212         16          0          8          0       1230   lockproc.o
       692         68          0          0        130     227708   main.o
       112         10          0          8          0        548   manualkey.o
        56          8          0          0          0       1979   modbus.o
       180         40          0          0          0       2579   myflash.o
       232          8          0          0          0       3371   mygpio.o
        36          8          0          0          0        463   myiwdg.o
       300         68         16          8         52       3193   mysettings.o
       100          0          0          0          0       1958   mytimer.o
        14          0          0          0          0        815   myuart.o
        92         14          0          6          0        745   playsound.o
       308         68          0         13          0     228012   ssec.o
        56         26        192          0       2048        612   startup_stm32f0xx.o
       208         36         16          4          0       1713   system_f051.o

    ----------------------------------------------------------------------
      2876        400        256         84       2236     477820   Object Totals
         0          0         32          0          0          0   (incl. Generated)
         6          0          0          5          6          0   (incl. Padding)

    ----------------------------------------------------------------------

      Code (inc. data)   RO Data    RW Data    ZI Data      Debug   Library Member Name

         8          0          0          0          0         68   __main.o
         0          0          0          0          0          0   __rtentry.o
        12          0          0          0          0          0   __rtentry2.o
         6          0          0          0          0          0   __rtentry4.o
        60          8          0          0          0          0   __scatter.o
        26          0          0          0          0          0   __scatter_copy.o
        28          0          0          0          0          0   __scatter_zi.o
       346          0          0          0          0         92   aeabi_sdiv.o
        16          0          0          0          0         68   exit.o
         6          0          0          0          0        136   heapauxi.o
         0          0          0          0          0          0   indicate_semi.o
         2          0          0          0          0          0   libinit.o
         2          0          0          0          0          0   libinit2.o
         2          0          0          0          0          0   libshutdown.o
         2          0          0          0          0          0   libshutdown2.o
         8          4          0          0         96         68   libspace.o
         2          0          0          0          0          0   rtexit.o
        10          0          0          0          0          0   rtexit2.o
        12          4          0          0          0         60   sys_exit.o
        62          0          0          0          0         80   sys_stackheap_outer.o
         2          0          0          0          0         68   use_no_semi.o
        46          0          0          0          0         60   cmpret.o
       144          4          0          0          0         76   dcmpin.o
        88          0          0          0          0         92   dflti.o
       100          4          0          0          0         92   dlef.o
        20          6          0          0          0         68   dnan2.o
        94          0          0          0          0         68   retnan.o
         0          0          0          0          0          0   usenofp.o

    ----------------------------------------------------------------------
      1112         30          0          0         96       1096   Library Totals
         8          0          0          0          0          0   (incl. Padding)

    ----------------------------------------------------------------------

      Code (inc. data)   RO Data    RW Data    ZI Data      Debug   Library Name

       612         16          0          0         96        640   c_p.l
       492         14          0          0          0        456   fz_ps.l

    ----------------------------------------------------------------------
      1112         30          0          0         96       1096   Library Totals

    ----------------------------------------------------------------------

==============================================================================


      Code (inc. data)   RO Data    RW Data    ZI Data      Debug   

      3988        430        256         84       2332     476960   Grand Totals
      3988        430        256         84       2332     476960   ELF Image Totals
      3988        430        256         84          0          0   ROM Totals

==============================================================================

    Total RO  Size (Code + RO Data)                 4244 (   4.14kB)
    Total RW  Size (RW Data + ZI Data)              2416 (   2.36kB)
    Total ROM Size (Code + RO Data + RW Data)       4328 (   4.23kB)

==============================================================================

